Component: ARM Compiler 5.06 update 6 (build 750) Tool: armlink [4d35ed]

==============================================================================

Section Cross References

    startup_stm32f103xb.o(STACK) refers (Special) to heapauxi.o(.text) for __use_two_region_memory
    startup_stm32f103xb.o(HEAP) refers (Special) to heapauxi.o(.text) for __use_two_region_memory
    startup_stm32f103xb.o(RESET) refers (Special) to heapauxi.o(.text) for __use_two_region_memory
    startup_stm32f103xb.o(RESET) refers to startup_stm32f103xb.o(STACK) for __initial_sp
    startup_stm32f103xb.o(RESET) refers to startup_stm32f103xb.o(.text) for Reset_Handler
    startup_stm32f103xb.o(RESET) refers to stm32f1xx_it.o(i.NMI_Handler) for NMI_Handler
    startup_stm32f103xb.o(RESET) refers to stm32f1xx_it.o(i.HardFault_Handler) for HardFault_Handler
    startup_stm32f103xb.o(RESET) refers to stm32f1xx_it.o(i.MemManage_Handler) for MemManage_Handler
    startup_stm32f103xb.o(RESET) refers to stm32f1xx_it.o(i.BusFault_Handler) for BusFault_Handler
    startup_stm32f103xb.o(RESET) refers to stm32f1xx_it.o(i.UsageFault_Handler) for UsageFault_Handler
    startup_stm32f103xb.o(RESET) refers to stm32f1xx_it.o(i.SVC_Handler) for SVC_Handler
    startup_stm32f103xb.o(RESET) refers to stm32f1xx_it.o(i.DebugMon_Handler) for DebugMon_Handler
    startup_stm32f103xb.o(RESET) refers to stm32f1xx_it.o(i.PendSV_Handler) for PendSV_Handler
    startup_stm32f103xb.o(RESET) refers to stm32f1xx_it.o(i.SysTick_Handler) for SysTick_Handler
    startup_stm32f103xb.o(RESET) refers to stm32f1xx_it.o(i.DMA1_Channel2_IRQHandler) for DMA1_Channel2_IRQHandler
    startup_stm32f103xb.o(RESET) refers to stm32f1xx_it.o(i.DMA1_Channel3_IRQHandler) for DMA1_Channel3_IRQHandler
    startup_stm32f103xb.o(RESET) refers to stm32f1xx_it.o(i.CAN1_RX1_IRQHandler) for CAN1_RX1_IRQHandler
    startup_stm32f103xb.o(.text) refers (Special) to heapauxi.o(.text) for __use_two_region_memory
    startup_stm32f103xb.o(.text) refers to system_stm32f1xx.o(i.SystemInit) for SystemInit
    startup_stm32f103xb.o(.text) refers to __main.o(!!!main) for __main
    startup_stm32f103xb.o(.text) refers to startup_stm32f103xb.o(HEAP) for Heap_Mem
    startup_stm32f103xb.o(.text) refers to startup_stm32f103xb.o(STACK) for Stack_Mem
    main.o(i.Blink) refers to main.o(i.Set_LED) for Set_LED
    main.o(i.Blink) refers to main.o(.data) for .data
    main.o(i.Blink) refers to main.o(.bss) for .bss
    main.o(i.Comet) refers to main.o(i.Set_LED) for Set_LED
    main.o(i.Comet) refers to main.o(.data) for .data
    main.o(i.Comet) refers to main.o(.bss) for .bss
    main.o(i.HAL_CAN_RxFifo1MsgPendingCallback) refers to stm32f1xx_hal_can.o(i.HAL_CAN_GetRxMessage) for HAL_CAN_GetRxMessage
    main.o(i.HAL_CAN_RxFifo1MsgPendingCallback) refers to main.o(.data) for .data
    main.o(i.HAL_CAN_RxFifo1MsgPendingCallback) refers to main.o(.bss) for .bss
    main.o(i.HAL_TIM_PWM_PulseFinishedCallback) refers to stm32f1xx_hal_tim.o(i.HAL_TIM_PWM_Stop_DMA) for HAL_TIM_PWM_Stop_DMA
    main.o(i.HAL_TIM_PWM_PulseFinishedCallback) refers to main.o(.bss) for .bss
    main.o(i.HAL_TIM_PWM_PulseFinishedCallback) refers to main.o(.data) for .data
    main.o(i.MX_CAN_Init) refers to stm32f1xx_hal_can.o(i.HAL_CAN_Init) for HAL_CAN_Init
    main.o(i.MX_CAN_Init) refers to stm32f1xx_hal_can.o(i.HAL_CAN_ConfigFilter) for HAL_CAN_ConfigFilter
    main.o(i.MX_CAN_Init) refers to main.o(.bss) for .bss
    main.o(i.MX_TIM1_Init) refers to rt_memclr_w.o(.text) for __aeabi_memclr4
    main.o(i.MX_TIM1_Init) refers to stm32f1xx_hal_tim.o(i.HAL_TIM_Base_Init) for HAL_TIM_Base_Init
    main.o(i.MX_TIM1_Init) refers to stm32f1xx_hal_tim.o(i.HAL_TIM_ConfigClockSource) for HAL_TIM_ConfigClockSource
    main.o(i.MX_TIM1_Init) refers to stm32f1xx_hal_tim.o(i.HAL_TIM_PWM_Init) for HAL_TIM_PWM_Init
    main.o(i.MX_TIM1_Init) refers to stm32f1xx_hal_tim_ex.o(i.HAL_TIMEx_MasterConfigSynchronization) for HAL_TIMEx_MasterConfigSynchronization
    main.o(i.MX_TIM1_Init) refers to stm32f1xx_hal_tim.o(i.HAL_TIM_PWM_ConfigChannel) for HAL_TIM_PWM_ConfigChannel
    main.o(i.MX_TIM1_Init) refers to stm32f1xx_hal_tim_ex.o(i.HAL_TIMEx_ConfigBreakDeadTime) for HAL_TIMEx_ConfigBreakDeadTime
    main.o(i.MX_TIM1_Init) refers to stm32f1xx_hal_msp.o(i.HAL_TIM_MspPostInit) for HAL_TIM_MspPostInit
    main.o(i.MX_TIM1_Init) refers to main.o(.bss) for .bss
    main.o(i.Pulse) refers to dflt_clz.o(x$fpl$dfltu) for __aeabi_ui2d
    main.o(i.Pulse) refers to dmul.o(x$fpl$dmul) for __aeabi_dmul
    main.o(i.Pulse) refers to ddiv.o(x$fpl$ddiv) for __aeabi_ddiv
    main.o(i.Pulse) refers to tan.o(i.tan) for tan
    main.o(i.Pulse) refers to dfix.o(x$fpl$dfix) for __aeabi_d2iz
    main.o(i.Pulse) refers to main.o(i.Set_LED) for Set_LED
    main.o(i.Pulse) refers to main.o(.data) for .data
    main.o(i.Pulse) refers to main.o(.bss) for .bss
    main.o(i.Rainbow) refers to fflt_clz.o(x$fpl$ffltu) for __aeabi_ui2f
[...]
    ../fplib/trapv.s                         0x00000000   Number         0  trapv.o ABSOLUTE
    ../fplib/usenofp.s                       0x00000000   Number         0  usenofp.o ABSOLUTE
    ../mathlib/dunder.c                      0x00000000   Number         0  dunder.o ABSOLUTE
    ../mathlib/fpclassify.c                  0x00000000   Number         0  fpclassify.o ABSOLUTE
    ../mathlib/poly.c                        0x00000000   Number         0  poly.o ABSOLUTE
    ../mathlib/rred.c                        0x00000000   Number         0  rred.o ABSOLUTE
    ../mathlib/tan.c                         0x00000000   Number         0  tan.o ABSOLUTE
    ../mathlib/tan.c                         0x00000000   Number         0  tan_x.o ABSOLUTE
    ../mathlib/tan_i.c                       0x00000000   Number         0  tan_i_x.o ABSOLUTE
    ../mathlib/tan_i.c                       0x00000000   Number         0  tan_i.o ABSOLUTE
    ..\Core\Src\flash.c                      0x00000000   Number         0  flash.o ABSOLUTE
    ..\Core\Src\main.c                       0x00000000   Number         0  main.o ABSOLUTE
    ..\Core\Src\stm32f1xx_hal_msp.c          0x00000000   Number         0  stm32f1xx_hal_msp.o ABSOLUTE
    ..\Core\Src\stm32f1xx_it.c               0x00000000   Number         0  stm32f1xx_it.o ABSOLUTE
    ..\Core\Src\system_stm32f1xx.c           0x00000000   Number         0  system_stm32f1xx.o ABSOLUTE
    ..\Drivers\STM32F1xx_HAL_Driver\Src\stm32f1xx_hal.c 0x00000000   Number         0  stm32f1xx_hal.o ABSOLUTE
    ..\Drivers\STM32F1xx_HAL_Driver\Src\stm32f1xx_hal_can.c 0x00000000   Number         0  stm32f1xx_hal_can.o ABSOLUTE
    ..\Drivers\STM32F1xx_HAL_Driver\Src\stm32f1xx_hal_cortex.c 0x00000000   Number         0  stm32f1xx_hal_cortex.o ABSOLUTE
    ..\Drivers\STM32F1xx_HAL_Driver\Src\stm32f1xx_hal_dma.c 0x00000000   Number         0  stm32f1xx_hal_dma.o ABSOLUTE
    ..\Drivers\STM32F1xx_HAL_Driver\Src\stm32f1xx_hal_exti.c 0x00000000   Number         0  stm32f1xx_hal_exti.o ABSOLUTE
    ..\Drivers\STM32F1xx_HAL_Driver\Src\stm32f1xx_hal_flash.c 0x00000000   Number         0  stm32f1xx_hal_flash.o ABSOLUTE
    ..\Drivers\STM32F1xx_HAL_Driver\Src\stm32f1xx_hal_flash_ex.c 0x00000000   Number         0  stm32f1xx_hal_flash_ex.o ABSOLUTE
    ..\Drivers\STM32F1xx_HAL_Driver\Src\stm32f1xx_hal_gpio.c 0x00000000   Number         0  stm32f1xx_hal_gpio.o ABSOLUTE
    ..\Drivers\STM32F1xx_HAL_Driver\Src\stm32f1xx_hal_gpio_ex.c 0x00000000   Number         0  stm32f1xx_hal_gpio_ex.o ABSOLUTE
    ..\Drivers\STM32F1xx_HAL_Driver\Src\stm32f1xx_hal_pwr.c 0x00000000   Number         0  stm32f1xx_hal_pwr.o ABSOLUTE
    ..\Drivers\STM32F1xx_HAL_Driver\Src\stm32f1xx_hal_rcc.c 0x00000000   Number         0  stm32f1xx_hal_rcc.o ABSOLUTE
    ..\Drivers\STM32F1xx_HAL_Driver\Src\stm32f1xx_hal_rcc_ex.c 0x00000000   Number         0  stm32f1xx_hal_rcc_ex.o ABSOLUTE
    ..\Drivers\STM32F1xx_HAL_Driver\Src\stm32f1xx_hal_tim.c 0x00000000   Number         0  stm32f1xx_hal_tim.o ABSOLUTE
    ..\Drivers\STM32F1xx_HAL_Driver\Src\stm32f1xx_hal_tim_ex.c 0x00000000   Number         0  stm32f1xx_hal_tim_ex.o ABSOLUTE
    ..\\Core\\Src\\flash.c                   0x00000000   Number         0  flash.o ABSOLUTE
    dc.s                                     0x00000000   Number         0  dc.o ABSOLUTE
    startup_stm32f103xb.s                    0x00000000   Number         0  startup_stm32f103xb.o ABSOLUTE
    RESET                                    0x08000000   Section      236  startup_stm32f103xb.o(RESET)
    !!!main                                  0x080000ec   Section        8  __main.o(!!!main)
    !!!scatter                               0x080000f4   Section       52  __scatter.o(!!!scatter)
    !!handler_copy                           0x08000128   Section       26  __scatter_copy.o(!!handler_copy)
    !!handler_zi                             0x08000144   Section       28  __scatter_zi.o(!!handler_zi)
    .ARM.Collect$$libinit$$00000000          0x08000160   Section        2  libinit.o(.ARM.Collect$$libinit$$00000000)
    .ARM.Collect$$libinit$$00000002          0x08000162   Section        0  libinit2.o(.ARM.Collect$$libinit$$00000002)
    .ARM.Collect$$libinit$$00000004          0x08000162   Section        0  libinit2.o(.ARM.Collect$$libinit$$00000004)
    .ARM.Collect$$libinit$$0000000A          0x08000162   Section        0  libinit2.o(.ARM.Collect$$libinit$$0000000A)
    .ARM.Collect$$libinit$$0000000C          0x08000162   Section        0  libinit2.o(.ARM.Collect$$libinit$$0000000C)
    .ARM.Collect$$libinit$$0000000E          0x08000162   Section        0  libinit2.o(.ARM.Collect$$libinit$$0000000E)
    .ARM.Collect$$libinit$$00000011          0x08000162   Section        0  libinit2.o(.ARM.Collect$$libinit$$00000011)
    .ARM.Collect$$libinit$$00000013          0x08000162   Section        0  libinit2.o(.ARM.Collect$$libinit$$00000013)
    .ARM.Collect$$libinit$$00000015          0x08000162   Section        0  libinit2.o(.ARM.Collect$$libinit$$00000015)
    .ARM.Collect$$libinit$$00000017          0x08000162   Section        0  libinit2.o(.ARM.Collect$$libinit$$00000017)
    .ARM.Collect$$libinit$$00000019          0x08000162   Section        0  libinit2.o(.ARM.Collect$$libinit$$00000019)
    .ARM.Collect$$libinit$$0000001B          0x08000162   Section        0  libinit2.o(.ARM.Collect$$libinit$$0000001B)
    .ARM.Collect$$libinit$$0000001D          0x08000162   Section        0  libinit2.o(.ARM.Collect$$libinit$$0000001D)
    .ARM.Collect$$libinit$$0000001F          0x08000162   Section        0  libinit2.o(.ARM.Collect$$libinit$$0000001F)
    .ARM.Collect$$libinit$$00000021          0x08000162   Section        0  libinit2.o(.ARM.Collect$$libinit$$00000021)
    .ARM.Collect$$libinit$$00000023          0x08000162   Section        0  libinit2.o(.ARM.Collect$$libinit$$00000023)
    .ARM.Collect$$libinit$$00000025          0x08000162   Section        0  libinit2.o(.ARM.Collect$$libinit$$00000025)
    .ARM.Collect$$libinit$$0000002C          0x08000162   Section        0  libinit2.o(.ARM.Collect$$libinit$$0000002C)
    .ARM.Collect$$libinit$$0000002E          0x08000162   Section        0  libinit2.o(.ARM.Collect$$libinit$$0000002E)
    .ARM.Collect$$libinit$$00000030          0x08000162   Section        0  libinit2.o(.ARM.Collect$$libinit$$00000030)
    .ARM.Collect$$libinit$$00000032          0x08000162   Section        0  libinit2.o(.ARM.Collect$$libinit$$00000032)
    .ARM.Collect$$libinit$$00000033          0x08000162   Section        2  libinit2.o(.ARM.Collect$$libinit$$00000033)
    .ARM.Collect$$libshutdown$$00000000      0x08000164   Section        2  libshutdown.o(.ARM.Collect$$libshutdown$$00000000)
    .ARM.Collect$$libshutdown$$00000002      0x08000166   Section        0  libshutdown2.o(.ARM.Collect$$libshutdown$$00000002)
    .ARM.Collect$$libshutdown$$00000004      0x08000166   Section        0  libshutdown2.o(.ARM.Collect$$libshutdown$$00000004)
    .ARM.Collect$$libshutdown$$00000007      0x08000166   Section        0  libshutdown2.o(.ARM.Collect$$libshutdown$$00000007)
    .ARM.Collect$$libshutdown$$0000000A      0x08000166   Section        0  libshutdown2.o(.ARM.Collect$$libshutdown$$0000000A)
    .ARM.Collect$$libshutdown$$0000000C      0x08000166   Section        0  libshutdown2.o(.ARM.Collect$$libshutdown$$0000000C)
    .ARM.Collect$$libshutdown$$0000000F      0x08000166   Section        0  libshutdown2.o(.ARM.Collect$$libshutdown$$0000000F)
    .ARM.Collect$$libshutdown$$00000010      0x08000166   Section        2  libshutdown2.o(.ARM.Collect$$libshutdown$$00000010)
    .ARM.Collect$$rtentry$$00000000          0x08000168   Section        0  __rtentry.o(.ARM.Collect$$rtentry$$00000000)
    .ARM.Collect$$rtentry$$00000002          0x08000168   Section        0  __rtentry2.o(.ARM.Collect$$rtentry$$00000002)
    .ARM.Collect$$rtentry$$00000004          0x08000168   Section        6  __rtentry4.o(.ARM.Collect$$rtentry$$00000004)
    .ARM.Collect$$rtentry$$00000009          0x0800016e   Section        0  __rtentry2.o(.ARM.Collect$$rtentry$$00000009)
    .ARM.Collect$$rtentry$$0000000A          0x0800016e   Section        4  __rtentry2.o(.ARM.Collect$$rtentry$$0000000A)
    .ARM.Collect$$rtentry$$0000000C          0x08000172   Section        0  __rtentry2.o(.ARM.Collect$$rtentry$$0000000C)
    .ARM.Collect$$rtentry$$0000000D          0x08000172   Section        8  __rtentry2.o(.ARM.Collect$$rtentry$$0000000D)
    .ARM.Collect$$rtexit$$00000000           0x0800017a   Section        2  rtexit.o(.ARM.Collect$$rtexit$$00000000)
    .ARM.Collect$$rtexit$$00000002           0x0800017c   Section        0  rtexit2.o(.ARM.Collect$$rtexit$$00000002)
    .ARM.Collect$$rtexit$$00000003           0x0800017c   Section        4  rtexit2.o(.ARM.Collect$$rtexit$$00000003)
    .ARM.Collect$$rtexit$$00000004           0x08000180   Section        6  rtexit2.o(.ARM.Collect$$rtexit$$00000004)
    .text                                    0x08000188   Section       64  startup_stm32f103xb.o(.text)
    .text                                    0x080001c8   Section       78  rt_memclr_w.o(.text)
    .text                                    0x08000216   Section        0  heapauxi.o(.text)
    .text                                    0x0800021c   Section        0  _rserrno.o(.text)
    .text                                    0x08000234   Section        8  rt_errno_addr_intlibspace.o(.text)
    .text                                    0x0800023c   Section        8  libspace.o(.text)
    .text                                    0x08000244   Section       74  sys_stackheap_outer.o(.text)
    .text                                    0x0800028e   Section        0  exit.o(.text)
    .text                                    0x080002a0   Section        0  sys_exit.o(.text)
    .text                                    0x080002ac   Section        2  use_no_semi.o(.text)
    .text                                    0x080002ae   Section        0  indicate_semi.o(.text)
    i.Blink                                  0x080002b0   Section        0  main.o(i.Blink)
    i.BusFault_Handler                       0x08000364   Section        0  stm32f1xx_it.o(i.BusFault_Handler)
    i.CAN1_RX1_IRQHandler                    0x08000368   Section        0  stm32f1xx_it.o(i.CAN1_RX1_IRQHandler)
    i.Comet                                  0x08000374   Section        0  main.o(i.Comet)
    i.DMA1_Channel2_IRQHandler               0x08000438   Section        0  stm32f1xx_it.o(i.DMA1_Channel2_IRQHandler)
    i.DMA1_Channel3_IRQHandler               0x08000444   Section        0  stm32f1xx_it.o(i.DMA1_Channel3_IRQHandler)
    i.DMA_SetConfig                          0x08000450   Section        0  stm32f1xx_hal_dma.o(i.DMA_SetConfig)
    DMA_SetConfig                            0x08000451   Thumb Code    42  stm32f1xx_hal_dma.o(i.DMA_SetConfig)
    i.DebugMon_Handler                       0x0800047a   Section        0  stm32f1xx_it.o(i.DebugMon_Handler)
    i.Error_Handler                          0x0800047c   Section        0  main.o(i.Error_Handler)
    i.Flash_Erase                            0x08000480   Section        0  flash.o(i.Flash_Erase)
    Flash_Erase                              0x08000481   Thumb Code    50  flash.o(i.Flash_Erase)
    i.Flash_Read_String                      0x080004b8   Section        0  flash.o(i.Flash_Read_String)
    i.Flash_Write_String                     0x08000530   Section        0  flash.o(i.Flash_Write_String)
    i.HAL_CAN_ActivateNotification           0x08000580   Section        0  stm32f1xx_hal_can.o(i.HAL_CAN_ActivateNotification)
    i.HAL_CAN_AddTxMessage                   0x080005a4   Section        0  stm32f1xx_hal_can.o(i.HAL_CAN_AddTxMessage)
    i.HAL_CAN_ConfigFilter                   0x08000660   Section        0  stm32f1xx_hal_can.o(i.HAL_CAN_ConfigFilter)
    i.HAL_CAN_ErrorCallback                  0x0800074e   Section        0  stm32f1xx_hal_can.o(i.HAL_CAN_ErrorCallback)
    i.HAL_CAN_GetRxMessage                   0x08000750   Section        0  stm32f1xx_hal_can.o(i.HAL_CAN_GetRxMessage)
    i.HAL_CAN_IRQHandler                     0x08000844   Section        0  stm32f1xx_hal_can.o(i.HAL_CAN_IRQHandler)
    i.HAL_CAN_Init                           0x08000a40   Section        0  stm32f1xx_hal_can.o(i.HAL_CAN_Init)
    i.HAL_CAN_MspInit                        0x08000b5c   Section        0  stm32f1xx_hal_msp.o(i.HAL_CAN_MspInit)
    i.HAL_CAN_RxFifo0FullCallback            0x08000bd8   Section        0  stm32f1xx_hal_can.o(i.HAL_CAN_RxFifo0FullCallback)
    i.HAL_CAN_RxFifo0MsgPendingCallback      0x08000bda   Section        0  stm32f1xx_hal_can.o(i.HAL_CAN_RxFifo0MsgPendingCallback)
    i.HAL_CAN_RxFifo1FullCallback            0x08000bdc   Section        0  stm32f1xx_hal_can.o(i.HAL_CAN_RxFifo1FullCallback)
    i.HAL_CAN_RxFifo1MsgPendingCallback      0x08000be0   Section        0  main.o(i.HAL_CAN_RxFifo1MsgPendingCallback)
    i.HAL_CAN_SleepCallback                  0x08000c34   Section        0  stm32f1xx_hal_can.o(i.HAL_CAN_SleepCallback)
    i.HAL_CAN_Start                          0x08000c38   Section        0  stm32f1xx_hal_can.o(i.HAL_CAN_Start)
    i.HAL_CAN_TxMailbox0AbortCallback        0x08000c90   Section        0  stm32f1xx_hal_can.o(i.HAL_CAN_TxMailbox0AbortCallback)
    i.HAL_CAN_TxMailbox0CompleteCallback     0x08000c92   Section        0  stm32f1xx_hal_can.o(i.HAL_CAN_TxMailbox0CompleteCallback)
    i.HAL_CAN_TxMailbox1AbortCallback        0x08000c94   Section        0  stm32f1xx_hal_can.o(i.HAL_CAN_TxMailbox1AbortCallback)
    i.HAL_CAN_TxMailbox1CompleteCallback     0x08000c96   Section        0  stm32f1xx_hal_can.o(i.HAL_CAN_TxMailbox1CompleteCallback)
    i.HAL_CAN_TxMailbox2AbortCallback        0x08000c98   Section        0  stm32f1xx_hal_can.o(i.HAL_CAN_TxMailbox2AbortCallback)
    i.HAL_CAN_TxMailbox2CompleteCallback     0x08000c9a   Section        0  stm32f1xx_hal_can.o(i.HAL_CAN_TxMailbox2CompleteCallback)
    i.HAL_CAN_WakeUpFromRxMsgCallback        0x08000c9c   Section        0  stm32f1xx_hal_can.o(i.HAL_CAN_WakeUpFromRxMsgCallback)
    i.HAL_DMA_Abort_IT                       0x08000ca0   Section        0  stm32f1xx_hal_dma.o(i.HAL_DMA_Abort_IT)
    i.HAL_DMA_IRQHandler                     0x08000d38   Section        0  stm32f1xx_hal_dma.o(i.HAL_DMA_IRQHandler)
    i.HAL_DMA_Init                           0x08000e8c   Section        0  stm32f1xx_hal_dma.o(i.HAL_DMA_Init)
    i.HAL_DMA_Start_IT                       0x08000ee8   Section        0  stm32f1xx_hal_dma.o(i.HAL_DMA_Start_IT)
    i.HAL_FLASH_Lock                         0x08000f58   Section        0  stm32f1xx_hal_flash.o(i.HAL_FLASH_Lock)
    i.HAL_FLASH_Unlock                       0x08000f6c   Section        0  stm32f1xx_hal_flash.o(i.HAL_FLASH_Unlock)
    i.HAL_GPIO_Init                          0x08000f94   Section        0  stm32f1xx_hal_gpio.o(i.HAL_GPIO_Init)
    i.HAL_GetTick                            0x08001174   Section        0  stm32f1xx_hal.o(i.HAL_GetTick)
    i.HAL_IncTick                            0x08001180   Section        0  stm32f1xx_hal.o(i.HAL_IncTick)
    i.HAL_Init                               0x08001190   Section        0  stm32f1xx_hal.o(i.HAL_Init)
    i.HAL_InitTick                           0x080011b4   Section        0  stm32f1xx_hal.o(i.HAL_InitTick)
    i.HAL_MspInit                            0x080011f4   Section        0  stm32f1xx_hal_msp.o(i.HAL_MspInit)
    i.HAL_NVIC_EnableIRQ                     0x08001230   Section        0  stm32f1xx_hal_cortex.o(i.HAL_NVIC_EnableIRQ)
    i.HAL_NVIC_SetPriority                   0x0800124c   Section        0  stm32f1xx_hal_cortex.o(i.HAL_NVIC_SetPriority)
    i.HAL_NVIC_SetPriorityGrouping           0x0800128c   Section        0  stm32f1xx_hal_cortex.o(i.HAL_NVIC_SetPriorityGrouping)
    i.HAL_RCC_ClockConfig                    0x080012b0   Section        0  stm32f1xx_hal_rcc.o(i.HAL_RCC_ClockConfig)
    i.HAL_RCC_GetSysClockFreq                0x080013dc   Section        0  stm32f1xx_hal_rcc.o(i.HAL_RCC_GetSysClockFreq)
    i.HAL_RCC_OscConfig                      0x08001428   Section        0  stm32f1xx_hal_rcc.o(i.HAL_RCC_OscConfig)
    i.HAL_SYSTICK_Config                     0x08001748   Section        0  stm32f1xx_hal_cortex.o(i.HAL_SYSTICK_Config)
    i.HAL_TIMEx_ConfigBreakDeadTime          0x08001770   Section        0  stm32f1xx_hal_tim_ex.o(i.HAL_TIMEx_ConfigBreakDeadTime)
    i.HAL_TIMEx_MasterConfigSynchronization  0x080017c4   Section        0  stm32f1xx_hal_tim_ex.o(i.HAL_TIMEx_MasterConfigSynchronization)
    i.HAL_TIM_Base_Init                      0x0800182c   Section        0  stm32f1xx_hal_tim.o(i.HAL_TIM_Base_Init)
    i.HAL_TIM_Base_MspInit                   0x08001888   Section        0  stm32f1xx_hal_msp.o(i.HAL_TIM_Base_MspInit)
    i.HAL_TIM_ConfigClockSource              0x0800191c   Section        0  stm32f1xx_hal_tim.o(i.HAL_TIM_ConfigClockSource)
    i.HAL_TIM_ErrorCallback                  0x080019f8   Section        0  stm32f1xx_hal_tim.o(i.HAL_TIM_ErrorCallback)
    i.HAL_TIM_MspPostInit                    0x080019fc   Section        0  stm32f1xx_hal_msp.o(i.HAL_TIM_MspPostInit)
    i.HAL_TIM_PWM_ConfigChannel              0x08001a48   Section        0  stm32f1xx_hal_tim.o(i.HAL_TIM_PWM_ConfigChannel)
    i.HAL_TIM_PWM_Init                       0x08001b14   Section        0  stm32f1xx_hal_tim.o(i.HAL_TIM_PWM_Init)
    i.HAL_TIM_PWM_MspInit                    0x08001b6e   Section        0  stm32f1xx_hal_tim.o(i.HAL_TIM_PWM_MspInit)
    i.HAL_TIM_PWM_PulseFinishedCallback      0x08001b70   Section        0  main.o(i.HAL_TIM_PWM_PulseFinishedCallback)
    i.HAL_TIM_PWM_PulseFinishedHalfCpltCallback 0x08001b9c   Section        0  stm32f1xx_hal_tim.o(i.HAL_TIM_PWM_PulseFinishedHalfCpltCallback)
    i.HAL_TIM_PWM_Start_DMA                  0x08001ba0   Section        0  stm32f1xx_hal_tim.o(i.HAL_TIM_PWM_Start_DMA)
    i.HAL_TIM_PWM_Stop_DMA                   0x08001d34   Section        0  stm32f1xx_hal_tim.o(i.HAL_TIM_PWM_Stop_DMA)
    i.HardFault_Handler                      0x08001df8   Section        0  stm32f1xx_it.o(i.HardFault_Handler)
    i.MX_CAN_Init                            0x08001dfc   Section        0  main.o(i.MX_CAN_Init)
    MX_CAN_Init                              0x08001dfd   Thumb Code   100  main.o(i.MX_CAN_Init)
    i.MX_TIM1_Init                           0x08001e68   Section        0  main.o(i.MX_TIM1_Init)
    MX_TIM1_Init                             0x08001e69   Thumb Code   204  main.o(i.MX_TIM1_Init)
    i.MemManage_Handler                      0x08001f3c   Section        0  stm32f1xx_it.o(i.MemManage_Handler)
    i.NMI_Handler                            0x08001f3e   Section        0  stm32f1xx_it.o(i.NMI_Handler)
    i.PendSV_Handler                         0x08001f40   Section        0  stm32f1xx_it.o(i.PendSV_Handler)
    i.Pulse                                  0x08001f44   Section        0  main.o(i.Pulse)
    i.Rainbow                                0x08002054   Section        0  main.o(i.Rainbow)
    i.SVC_Handler                            0x0800223c   Section        0  stm32f1xx_it.o(i.SVC_Handler)
    i.Set_LED                                0x08002240   Section        0  main.o(i.Set_LED)
    i.Solid                                  0x08002258   Section        0  main.o(i.Solid)
    i.SysTick_Handler                        0x080022a0   Section        0  stm32f1xx_it.o(i.SysTick_Handler)
    i.SystemClock_Config                     0x080022a4   Section        0  main.o(i.SystemClock_Config)
    i.SystemInit                             0x08002302   Section        0  system_stm32f1xx.o(i.SystemInit)
    i.TIM_Base_SetConfig                     0x08002304   Section        0  stm32f1xx_hal_tim.o(i.TIM_Base_SetConfig)
    i.TIM_CCxChannelCmd                      0x08002370   Section        0  stm32f1xx_hal_tim.o(i.TIM_CCxChannelCmd)
    i.TIM_DMADelayPulseCplt                  0x0800238a   Section        0  stm32f1xx_hal_tim.o(i.TIM_DMADelayPulseCplt)
    TIM_DMADelayPulseCplt                    0x0800238b   Thumb Code    94  stm32f1xx_hal_tim.o(i.TIM_DMADelayPulseCplt)
    i.TIM_DMADelayPulseHalfCplt              0x080023e8   Section        0  stm32f1xx_hal_tim.o(i.TIM_DMADelayPulseHalfCplt)
    i.TIM_DMAError                           0x08002420   Section        0  stm32f1xx_hal_tim.o(i.TIM_DMAError)
    i.TIM_ETR_SetConfig                      0x08002474   Section        0  stm32f1xx_hal_tim.o(i.TIM_ETR_SetConfig)
    i.TIM_ITRx_SetConfig                     0x08002488   Section        0  stm32f1xx_hal_tim.o(i.TIM_ITRx_SetConfig)
    TIM_ITRx_SetConfig                       0x08002489   Thumb Code    16  stm32f1xx_hal_tim.o(i.TIM_ITRx_SetConfig)
    i.TIM_OC1_SetConfig                      0x08002498   Section        0  stm32f1xx_hal_tim.o(i.TIM_OC1_SetConfig)
    TIM_OC1_SetConfig                        0x08002499   Thumb Code    74  stm32f1xx_hal_tim.o(i.TIM_OC1_SetConfig)
    i.TIM_OC2_SetConfig                      0x080024e8   Section        0  stm32f1xx_hal_tim.o(i.TIM_OC2_SetConfig)
    i.TIM_OC3_SetConfig                      0x08002540   Section        0  stm32f1xx_hal_tim.o(i.TIM_OC3_SetConfig)
    TIM_OC3_SetConfig                        0x08002541   Thumb Code    82  stm32f1xx_hal_tim.o(i.TIM_OC3_SetConfig)
    i.TIM_OC4_SetConfig                      0x08002598   Section        0  stm32f1xx_hal_tim.o(i.TIM_OC4_SetConfig)
    TIM_OC4_SetConfig                        0x08002599   Thumb Code    64  stm32f1xx_hal_tim.o(i.TIM_OC4_SetConfig)
    i.TIM_TI1_ConfigInputStage               0x080025dc   Section        0  stm32f1xx_hal_tim.o(i.TIM_TI1_ConfigInputStage)
    TIM_TI1_ConfigInputStage                 0x080025dd   Thumb Code    34  stm32f1xx_hal_tim.o(i.TIM_TI1_ConfigInputStage)
    i.TIM_TI2_ConfigInputStage               0x080025fe   Section        0  stm32f1xx_hal_tim.o(i.TIM_TI2_ConfigInputStage)
    TIM_TI2_ConfigInputStage                 0x080025ff   Thumb Code    36  stm32f1xx_hal_tim.o(i.TIM_TI2_ConfigInputStage)
    i.Turn_Left                              0x08002624   Section        0  main.o(i.Turn_Left)
    i.Turn_Right                             0x080026b0   Section        0  main.o(i.Turn_Right)
    i.UsageFault_Handler                     0x08002730   Section        0  stm32f1xx_it.o(i.UsageFault_Handler)
    i.WS2812_Send                            0x08002734   Section        0  main.o(i.WS2812_Send)
    i.Wheel                                  0x080027cc   Section        0  main.o(i.Wheel)
    i.__ARM_fpclassify                       0x0800280c   Section        0  fpclassify.o(i.__ARM_fpclassify)
    i.__NVIC_SetPriority                     0x08002834   Section        0  stm32f1xx_hal_cortex.o(i.__NVIC_SetPriority)
    __NVIC_SetPriority                       0x08002835   Thumb Code    32  stm32f1xx_hal_cortex.o(i.__NVIC_SetPriority)
    i.__ieee754_rem_pio2                     0x08002854   Section        0  rred.o(i.__ieee754_rem_pio2)
    i.__kernel_poly                          0x08002bdc   Section        0  poly.o(i.__kernel_poly)
    i.__kernel_tan                           0x08002c88   Section        0  tan_i.o(i.__kernel_tan)
    i.__mathlib_dbl_infnan                   0x08002f04   Section        0  dunder.o(i.__mathlib_dbl_infnan)
    i.__mathlib_dbl_invalid                  0x08002f0a   Section        0  dunder.o(i.__mathlib_dbl_invalid)
    i.__mathlib_dbl_underflow                0x08002f18   Section        0  dunder.o(i.__mathlib_dbl_underflow)
    i.animation                              0x08002f28   Section        0  main.o(i.animation)
    i.colorCycle                             0x08003864   Section        0  main.o(i.colorCycle)
    i.main                                   0x080038cc   Section        0  main.o(i.main)
    i.tan                                    0x08003a28   Section        0  tan.o(i.tan)
    x$fpl$dadd                               0x08003a8c   Section      336  daddsub_clz.o(x$fpl$dadd)
    _dadd1                                   0x08003a9d   Thumb Code     0  daddsub_clz.o(x$fpl$dadd)
    x$fpl$dcheck1                            0x08003bdc   Section       16  dcheck1.o(x$fpl$dcheck1)
    x$fpl$ddiv                               0x08003bec   Section      688  ddiv.o(x$fpl$ddiv)
    ddiv_entry                               0x08003bf3   Thumb Code     0  ddiv.o(x$fpl$ddiv)
    x$fpl$dfix                               0x08003e9c   Section       94  dfix.o(x$fpl$dfix)
    x$fpl$dflt                               0x08003efa   Section       46  dflt_clz.o(x$fpl$dflt)
    x$fpl$dfltu                              0x08003f28   Section       38  dflt_clz.o(x$fpl$dfltu)
    x$fpl$dmul                               0x08003f50   Section      340  dmul.o(x$fpl$dmul)
    x$fpl$dnaninf                            0x080040a4   Section      156  dnaninf.o(x$fpl$dnaninf)
    x$fpl$dretinf                            0x08004140   Section       12  dretinf.o(x$fpl$dretinf)
    x$fpl$drsb                               0x0800414c   Section       22  daddsub_clz.o(x$fpl$drsb)
    x$fpl$dsub                               0x08004164   Section      468  daddsub_clz.o(x$fpl$dsub)
    _dsub1                                   0x08004175   Thumb Code     0  daddsub_clz.o(x$fpl$dsub)
    x$fpl$fadd                               0x08004338   Section      196  faddsub_clz.o(x$fpl$fadd)
    _fadd1                                   0x08004347   Thumb Code     0  faddsub_clz.o(x$fpl$fadd)
    x$fpl$fdiv                               0x080043fc   Section      388  fdiv.o(x$fpl$fdiv)
    _fdiv1                                   0x080043fd   Thumb Code     0  fdiv.o(x$fpl$fdiv)
    x$fpl$ffix                               0x08004580   Section       54  ffix.o(x$fpl$ffix)
    x$fpl$fflt                               0x080045b8   Section       48  fflt_clz.o(x$fpl$fflt)
    x$fpl$ffltu                              0x080045e8   Section       38  fflt_clz.o(x$fpl$ffltu)
    x$fpl$fmul                               0x08004610   Section      258  fmul.o(x$fpl$fmul)
    x$fpl$fnaninf                            0x08004712   Section      140  fnaninf.o(x$fpl$fnaninf)
    x$fpl$fretinf                            0x0800479e   Section       10  fretinf.o(x$fpl$fretinf)
    x$fpl$frsb                               0x080047a8   Section       20  faddsub_clz.o(x$fpl$frsb)
    x$fpl$fsub                               0x080047bc   Section      234  faddsub_clz.o(x$fpl$fsub)
    _fsub1                                   0x080047cb   Thumb Code     0  faddsub_clz.o(x$fpl$fsub)
    x$fpl$retnan                             0x080048a6   Section      100  retnan.o(x$fpl$retnan)
    x$fpl$scalbn                             0x0800490a   Section       92  scalbn.o(x$fpl$scalbn)
    x$fpl$trapveneer                         0x08004966   Section       48  trapv.o(x$fpl$trapveneer)
    .constdata                               0x08004996   Section       18  stm32f1xx_hal_rcc.o(.constdata)
    x$fpl$usenofp                            0x08004996   Section        0  usenofp.o(x$fpl$usenofp)
    aPredivFactorTable                       0x08004996   Data           2  stm32f1xx_hal_rcc.o(.constdata)
    aPLLMULFactorTable                       0x08004998   Data          16  stm32f1xx_hal_rcc.o(.constdata)
    .constdata                               0x080049a8   Section       16  system_stm32f1xx.o(.constdata)
    .constdata                               0x080049b8   Section      200  rred.o(.constdata)
    pio2s                                    0x080049b8   Data          48  rred.o(.constdata)
    twooverpi                                0x080049e8   Data         152  rred.o(.constdata)
    .constdata                               0x08004a80   Section       96  tan_i.o(.constdata)
    Todd                                     0x08004a80   Data          48  tan_i.o(.constdata)
    Teven                                    0x08004ab0   Data          48  tan_i.o(.constdata)
    .data                                    0x20000000   Section       76  main.o(.data)
    .data                                    0x2000004c   Section       12  stm32f1xx_hal.o(.data)
    .data                                    0x20000058   Section        4  system_stm32f1xx.o(.data)
    .bss                                     0x2000005c   Section    16084  main.o(.bss)
    .bss                                     0x20003f30   Section       68  main.o(.bss)
    .bss                                     0x20003f74   Section       68  main.o(.bss)
    .bss                                     0x20003fb8   Section       96  libspace.o(.bss)
    HEAP                                     0x20004018   Section      512  startup_stm32f103xb.o(HEAP)
    Heap_Mem                                 0x20004018   Data         512  startup_stm32f103xb.o(HEAP)
    STACK                                    0x20004218   Section     1024  startup_stm32f103xb.o(STACK)
    Stack_Mem                                0x20004218   Data        1024  startup_stm32f103xb.o(STACK)
    __initial_sp                             0x20004618   Data           0  startup_stm32f103xb.o(STACK)

    Global Symbols

    Symbol Name                              Value     Ov Type        Size  Object(Section)

    BuildAttributes$$THM_ISAv4$P$D$K$B$S$PE$A:L22UL41UL21$X:L11$S22US41US21$IEEE1$IW$USESV6$~STKCKD$USESV7$~SHL$OTIME$ROPI$IEEEX$EBA8$UX$STANDARDLIB$REQ8$PRES8$EABIv2 0x00000000   Number         0  anon$$obj.o ABSOLUTE
    __ARM_use_no_argv                        0x00000000   Number         0  main.o ABSOLUTE
    __ARM_exceptions_init                     - Undefined Weak Reference
    __alloca_initialize                       - Undefined Weak Reference
    __arm_preinit_                            - Undefined Weak Reference
    __cpp_initialize__aeabi_                  - Undefined Weak Reference
    __cxa_finalize                            - Undefined Weak Reference
    __rt_locale                               - Undefined Weak Reference
    __sigvec_lookup                           - Undefined Weak Reference
    _atexit_init                              - Undefined Weak Reference
    _call_atexit_fns                          - Undefined Weak Reference
    _clock_init                               - Undefined Weak Reference
    _fp_trap_init                             - Undefined Weak Reference
    _fp_trap_shutdown                         - Undefined Weak Reference
    _get_lc_collate                           - Undefined Weak Reference
    _get_lc_ctype                             - Undefined Weak Reference
    _get_lc_monetary                          - Undefined Weak Reference
    _get_lc_numeric                           - Undefined Weak Reference
    _get_lc_time                              - Undefined Weak Reference
    _getenv_init                              - Undefined Weak Reference
    _handle_redirection                       - Undefined Weak Reference
    _init_alloc                               - Undefined Weak Reference
    _init_user_alloc                          - Undefined Weak Reference
    _initio                                   - Undefined Weak Reference
    _rand_init                                - Undefined Weak Reference
    _signal_finish                            - Undefined Weak Reference
    _signal_init                              - Undefined Weak Reference
    _terminate_alloc                          - Undefined Weak Reference
    _terminate_user_alloc                     - Undefined Weak Reference
    _terminateio                              - Undefined Weak Reference
    __Vectors_Size                           0x000000ec   Number         0  startup_stm32f103xb.o ABSOLUTE
    __Vectors                                0x08000000   Data           4  startup_stm32f103xb.o(RESET)
    __Vectors_End                            0x080000ec   Data           0  startup_stm32f103xb.o(RESET)
    __main                                   0x080000ed   Thumb Code     8  __main.o(!!!main)
    __scatterload                            0x080000f5   Thumb Code     0  __scatter.o(!!!scatter)
    __scatterload_rt2                        0x080000f5   Thumb Code    44  __scatter.o(!!!scatter)
    __scatterload_rt2_thumb_only             0x080000f5   Thumb Code     0  __scatter.o(!!!scatter)
    __scatterload_null                       0x08000103   Thumb Code     0  __scatter.o(!!!scatter)
    __scatterload_copy                       0x08000129   Thumb Code    26  __scatter_copy.o(!!handler_copy)
    __scatterload_zeroinit                   0x08000145   Thumb Code    28  __scatter_zi.o(!!handler_zi)
    __rt_lib_init                            0x08000161   Thumb Code     0  libinit.o(.ARM.Collect$$libinit$$00000000)
    __rt_lib_init_alloca_1                   0x08000163   Thumb Code     0  libinit2.o(.ARM.Collect$$libinit$$0000002E)
    __rt_lib_init_argv_1                     0x08000163   Thumb Code     0  libinit2.o(.ARM.Collect$$libinit$$0000002C)
    __rt_lib_init_atexit_1                   0x08000163   Thumb Code     0  libinit2.o(.ARM.Collect$$libinit$$0000001B)
    __rt_lib_init_clock_1                    0x08000163   Thumb Code     0  libinit2.o(.ARM.Collect$$libinit$$00000021)
    __rt_lib_init_cpp_1                      0x08000163   Thumb Code     0  libinit2.o(.ARM.Collect$$libinit$$00000032)
    __rt_lib_init_exceptions_1               0x08000163   Thumb Code     0  libinit2.o(.ARM.Collect$$libinit$$00000030)
    __rt_lib_init_fp_1                       0x08000163   Thumb Code     0  libinit2.o(.ARM.Collect$$libinit$$00000002)
    __rt_lib_init_fp_trap_1                  0x08000163   Thumb Code     0  libinit2.o(.ARM.Collect$$libinit$$0000001F)
    __rt_lib_init_getenv_1                   0x08000163   Thumb Code     0  libinit2.o(.ARM.Collect$$libinit$$00000023)
    __rt_lib_init_heap_1                     0x08000163   Thumb Code     0  libinit2.o(.ARM.Collect$$libinit$$0000000A)
    __rt_lib_init_lc_collate_1               0x08000163   Thumb Code     0  libinit2.o(.ARM.Collect$$libinit$$00000011)
    __rt_lib_init_lc_ctype_1                 0x08000163   Thumb Code     0  libinit2.o(.ARM.Collect$$libinit$$00000013)
    __rt_lib_init_lc_monetary_1              0x08000163   Thumb Code     0  libinit2.o(.ARM.Collect$$libinit$$00000015)
    __rt_lib_init_lc_numeric_1               0x08000163   Thumb Code     0  libinit2.o(.ARM.Collect$$libinit$$00000017)
    __rt_lib_init_lc_time_1                  0x08000163   Thumb Code     0  libinit2.o(.ARM.Collect$$libinit$$00000019)
    __rt_lib_init_preinit_1                  0x08000163   Thumb Code     0  libinit2.o(.ARM.Collect$$libinit$$00000004)
    __rt_lib_init_rand_1                     0x08000163   Thumb Code     0  libinit2.o(.ARM.Collect$$libinit$$0000000E)
    __rt_lib_init_return                     0x08000163   Thumb Code     0  libinit2.o(.ARM.Collect$$libinit$$00000033)
    __rt_lib_init_signal_1                   0x08000163   Thumb Code     0  libinit2.o(.ARM.Collect$$libinit$$0000001D)
    __rt_lib_init_stdio_1                    0x08000163   Thumb Code     0  libinit2.o(.ARM.Collect$$libinit$$00000025)
    __rt_lib_init_user_alloc_1               0x08000163   Thumb Code     0  libinit2.o(.ARM.Collect$$libinit$$0000000C)
    __rt_lib_shutdown                        0x08000165   Thumb Code     0  libshutdown.o(.ARM.Collect$$libshutdown$$00000000)
    __rt_lib_shutdown_cpp_1                  0x08000167   Thumb Code     0  libshutdown2.o(.ARM.Collect$$libshutdown$$00000002)
    __rt_lib_shutdown_fp_trap_1              0x08000167   Thumb Code     0  libshutdown2.o(.ARM.Collect$$libshutdown$$00000007)
    __rt_lib_shutdown_heap_1                 0x08000167   Thumb Code     0  libshutdown2.o(.ARM.Collect$$libshutdown$$0000000F)
    __rt_lib_shutdown_return                 0x08000167   Thumb Code     0  libshutdown2.o(.ARM.Collect$$libshutdown$$00000010)
    __rt_lib_shutdown_signal_1               0x08000167   Thumb Code     0  libshutdown2.o(.ARM.Collect$$libshutdown$$0000000A)
    __rt_lib_shutdown_stdio_1                0x08000167   Thumb Code     0  libshutdown2.o(.ARM.Collect$$libshutdown$$00000004)
    __rt_lib_shutdown_user_alloc_1           0x08000167   Thumb Code     0  libshutdown2.o(.ARM.Collect$$libshutdown$$0000000C)
    __rt_entry                               0x08000169   Thumb Code     0  __rtentry.o(.ARM.Collect$$rtentry$$00000000)
    __rt_entry_presh_1                       0x08000169   Thumb Code     0  __rtentry2.o(.ARM.Collect$$rtentry$$00000002)
    __rt_entry_sh                            0x08000169   Thumb Code     0  __rtentry4.o(.ARM.Collect$$rtentry$$00000004)
    __rt_entry_li                            0x0800016f   Thumb Code     0  __rtentry2.o(.ARM.Collect$$rtentry$$0000000A)
    __rt_entry_postsh_1                      0x0800016f   Thumb Code     0  __rtentry2.o(.ARM.Collect$$rtentry$$00000009)
    __rt_entry_main                          0x08000173   Thumb Code     0  __rtentry2.o(.ARM.Collect$$rtentry$$0000000D)
    __rt_entry_postli_1                      0x08000173   Thumb Code     0  __rtentry2.o(.ARM.Collect$$rtentry$$0000000C)
    __rt_exit                                0x0800017b   Thumb Code     0  rtexit.o(.ARM.Collect$$rtexit$$00000000)
    __rt_exit_ls                             0x0800017d   Thumb Code     0  rtexit2.o(.ARM.Collect$$rtexit$$00000003)
    __rt_exit_prels_1                        0x0800017d   Thumb Code     0  rtexit2.o(.ARM.Collect$$rtexit$$00000002)
    __rt_exit_exit                           0x08000181   Thumb Code     0  rtexit2.o(.ARM.Collect$$rtexit$$00000004)
    Reset_Handler                            0x08000189   Thumb Code     8  startup_stm32f103xb.o(.text)
    ADC1_2_IRQHandler                        0x080001a3   Thumb Code     0  startup_stm32f103xb.o(.text)
    CAN1_SCE_IRQHandler                      0x080001a3   Thumb Code     0  startup_stm32f103xb.o(.text)
    DMA1_Channel1_IRQHandler                 0x080001a3   Thumb Code     0  startup_stm32f103xb.o(.text)
    DMA1_Channel4_IRQHandler                 0x080001a3   Thumb Code     0  startup_stm32f103xb.o(.text)
    DMA1_Channel5_IRQHandler                 0x080001a3   Thumb Code     0  startup_stm32f103xb.o(.text)
    DMA1_Channel6_IRQHandler                 0x080001a3   Thumb Code     0  startup_stm32f103xb.o(.text)
    DMA1_Channel7_IRQHandler                 0x080001a3   Thumb Code     0  startup_stm32f103xb.o(.text)
    EXTI0_IRQHandler                         0x080001a3   Thumb Code     0  startup_stm32f103xb.o(.text)
    EXTI15_10_IRQHandler                     0x080001a3   Thumb Code     0  startup_stm32f103xb.o(.text)
    EXTI1_IRQHandler                         0x080001a3   Thumb Code     0  startup_stm32f103xb.o(.text)
    EXTI2_IRQHandler                         0x080001a3   Thumb Code     0  startup_stm32f103xb.o(.text)
    EXTI3_IRQHandler                         0x080001a3   Thumb Code     0  startup_stm32f103xb.o(.text)
    EXTI4_IRQHandler                         0x080001a3   Thumb Code     0  startup_stm32f103xb.o(.text)
    EXTI9_5_IRQHandler                       0x080001a3   Thumb Code     0  startup_stm32f103xb.o(.text)
    FLASH_IRQHandler                         0x080001a3   Thumb Code     0  startup_stm32f103xb.o(.text)
    I2C1_ER_IRQHandler                       0x080001a3   Thumb Code     0  startup_stm32f103xb.o(.text)
    I2C1_EV_IRQHandler                       0x080001a3   Thumb Code     0  startup_stm32f103xb.o(.text)
    I2C2_ER_IRQHandler                       0x080001a3   Thumb Code     0  startup_stm32f103xb.o(.text)
    I2C2_EV_IRQHandler                       0x080001a3   Thumb Code     0  startup_stm32f103xb.o(.text)
    PVD_IRQHandler                           0x080001a3   Thumb Code     0  startup_stm32f103xb.o(.text)
    RCC_IRQHandler                           0x080001a3   Thumb Code     0  startup_stm32f103xb.o(.text)
    RTC_Alarm_IRQHandler                     0x080001a3   Thumb Code     0  startup_stm32f103xb.o(.text)
    RTC_IRQHandler                           0x080001a3   Thumb Code     0  startup_stm32f103xb.o(.text)
    SPI1_IRQHandler                          0x080001a3   Thumb Code     0  startup_stm32f103xb.o(.text)
    SPI2_IRQHandler                          0x080001a3   Thumb Code     0  startup_stm32f103xb.o(.text)
    TAMPER_IRQHandler                        0x080001a3   Thumb Code     0  startup_stm32f103xb.o(.text)
    TIM1_BRK_IRQHandler                      0x080001a3   Thumb Code     0  startup_stm32f103xb.o(.text)
    TIM1_CC_IRQHandler                       0x080001a3   Thumb Code     0  startup_stm32f103xb.o(.text)
    TIM1_TRG_COM_IRQHandler                  0x080001a3   Thumb Code     0  startup_stm32f103xb.o(.text)
    TIM1_UP_IRQHandler                       0x080001a3   Thumb Code     0  startup_stm32f103xb.o(.text)
    TIM2_IRQHandler                          0x080001a3   Thumb Code     0  startup_stm32f103xb.o(.text)
    TIM3_IRQHandler                          0x080001a3   Thumb Code     0  startup_stm32f103xb.o(.text)
    TIM4_IRQHandler                          0x080001a3   Thumb Code     0  startup_stm32f103xb.o(.text)
    USART1_IRQHandler                        0x080001a3   Thumb Code     0  startup_stm32f103xb.o(.text)
    USART2_IRQHandler                        0x080001a3   Thumb Code     0  startup_stm32f103xb.o(.text)
    USART3_IRQHandler                        0x080001a3   Thumb Code     0  startup_stm32f103xb.o(.text)
    USBWakeUp_IRQHandler                     0x080001a3   Thumb Code     0  startup_stm32f103xb.o(.text)
    USB_HP_CAN1_TX_IRQHandler                0x080001a3   Thumb Code     0  startup_stm32f103xb.o(.text)
    USB_LP_CAN1_RX0_IRQHandler               0x080001a3   Thumb Code     0  startup_stm32f103xb.o(.text)
    WWDG_IRQHandler                          0x080001a3   Thumb Code     0  startup_stm32f103xb.o(.text)
    __user_initial_stackheap                 0x080001a5   Thumb Code     0  startup_stm32f103xb.o(.text)
    __aeabi_memclr4                          0x080001c9   Thumb Code     0  rt_memclr_w.o(.text)
    __aeabi_memclr8                          0x080001c9   Thumb Code     0  rt_memclr_w.o(.text)
    __rt_memclr_w                            0x080001c9   Thumb Code    78  rt_memclr_w.o(.text)
    _memset_w                                0x080001cd   Thumb Code     0  rt_memclr_w.o(.text)
    __use_two_region_memory                  0x08000217   Thumb Code     2  heapauxi.o(.text)
    __rt_heap_escrow$2region                 0x08000219   Thumb Code     2  heapauxi.o(.text)
    __rt_heap_expand$2region                 0x0800021b   Thumb Code     2  heapauxi.o(.text)
    __read_errno                             0x0800021d   Thumb Code    10  _rserrno.o(.text)
    __set_errno                              0x08000227   Thumb Code    12  _rserrno.o(.text)
    __aeabi_errno_addr                       0x08000235   Thumb Code     8  rt_errno_addr_intlibspace.o(.text)
    __errno$intlibspace                      0x08000235   Thumb Code     0  rt_errno_addr_intlibspace.o(.text)
    __rt_errno_addr$intlibspace              0x08000235   Thumb Code     0  rt_errno_addr_intlibspace.o(.text)
    __user_libspace                          0x0800023d   Thumb Code     8  libspace.o(.text)
    __user_perproc_libspace                  0x0800023d   Thumb Code     0  libspace.o(.text)
    __user_perthread_libspace                0x0800023d   Thumb Code     0  libspace.o(.text)
    __user_setup_stackheap                   0x08000245   Thumb Code    74  sys_stackheap_outer.o(.text)
    exit                                     0x0800028f   Thumb Code    18  exit.o(.text)
    _sys_exit                                0x080002a1   Thumb Code     8  sys_exit.o(.text)
    __I$use$semihosting                      0x080002ad   Thumb Code     0  use_no_semi.o(.text)
    __use_no_semihosting_swi                 0x080002ad   Thumb Code     2  use_no_semi.o(.text)
    __semihosting_library_function           0x080002af   Thumb Code     0  indicate_semi.o(.text)
    Blink                                    0x080002b1   Thumb Code   172  main.o(i.Blink)
    BusFault_Handler                         0x08000365   Thumb Code     2  stm32f1xx_it.o(i.BusFault_Handler)
    CAN1_RX1_IRQHandler                      0x08000369   Thumb Code     6  stm32f1xx_it.o(i.CAN1_RX1_IRQHandler)
    Comet                                    0x08000375   Thumb Code   186  main.o(i.Comet)
    DMA1_Channel2_IRQHandler                 0x08000439   Thumb Code     6  stm32f1xx_it.o(i.DMA1_Channel2_IRQHandler)
    DMA1_Channel3_IRQHandler                 0x08000445   Thumb Code     6  stm32f1xx_it.o(i.DMA1_Channel3_IRQHandler)
    DebugMon_Handler                         0x0800047b   Thumb Code     2  stm32f1xx_it.o(i.DebugMon_Handler)
    Error_Handler                            0x0800047d   Thumb Code     4  main.o(i.Error_Handler)
    Flash_Read_String                        0x080004b9   Thumb Code   110  flash.o(i.Flash_Read_String)
    Flash_Write_String                       0x08000531   Thumb Code    74  flash.o(i.Flash_Write_String)
    HAL_CAN_ActivateNotification             0x08000581   Thumb Code    36  stm32f1xx_hal_can.o(i.HAL_CAN_ActivateNotification)
    HAL_CAN_AddTxMessage                     0x080005a5   Thumb Code   188  stm32f1xx_hal_can.o(i.HAL_CAN_AddTxMessage)
    HAL_CAN_ConfigFilter                     0x08000661   Thumb Code   238  stm32f1xx_hal_can.o(i.HAL_CAN_ConfigFilter)
    HAL_CAN_ErrorCallback                    0x0800074f   Thumb Code     2  stm32f1xx_hal_can.o(i.HAL_CAN_ErrorCallback)
    HAL_CAN_GetRxMessage                     0x08000751   Thumb Code   244  stm32f1xx_hal_can.o(i.HAL_CAN_GetRxMessage)
    HAL_CAN_IRQHandler                       0x08000845   Thumb Code   508  stm32f1xx_hal_can.o(i.HAL_CAN_IRQHandler)
    HAL_CAN_Init                             0x08000a41   Thumb Code   282  stm32f1xx_hal_can.o(i.HAL_CAN_Init)
    HAL_CAN_MspInit                          0x08000b5d   Thumb Code   112  stm32f1xx_hal_msp.o(i.HAL_CAN_MspInit)
    HAL_CAN_RxFifo0FullCallback              0x08000bd9   Thumb Code     2  stm32f1xx_hal_can.o(i.HAL_CAN_RxFifo0FullCallback)
    HAL_CAN_RxFifo0MsgPendingCallback        0x08000bdb   Thumb Code     2  stm32f1xx_hal_can.o(i.HAL_CAN_RxFifo0MsgPendingCallback)
    HAL_CAN_RxFifo1FullCallback              0x08000bdd   Thumb Code     2  stm32f1xx_hal_can.o(i.HAL_CAN_RxFifo1FullCallback)
    HAL_CAN_RxFifo1MsgPendingCallback        0x08000be1   Thumb Code    76  main.o(i.HAL_CAN_RxFifo1MsgPendingCallback)
    HAL_CAN_SleepCallback                    0x08000c35   Thumb Code     2  stm32f1xx_hal_can.o(i.HAL_CAN_SleepCallback)
    HAL_CAN_Start                            0x08000c39   Thumb Code    88  stm32f1xx_hal_can.o(i.HAL_CAN_Start)
    HAL_CAN_TxMailbox0AbortCallback          0x08000c91   Thumb Code     2  stm32f1xx_hal_can.o(i.HAL_CAN_TxMailbox0AbortCallback)
    HAL_CAN_TxMailbox0CompleteCallback       0x08000c93   Thumb Code     2  stm32f1xx_hal_can.o(i.HAL_CAN_TxMailbox0CompleteCallback)
    HAL_CAN_TxMailbox1AbortCallback          0x08000c95   Thumb Code     2  stm32f1xx_hal_can.o(i.HAL_CAN_TxMailbox1AbortCallback)
    HAL_CAN_TxMailbox1CompleteCallback       0x08000c97   Thumb Code     2  stm32f1xx_hal_can.o(i.HAL_CAN_TxMailbox1CompleteCallback)
    HAL_CAN_TxMailbox2AbortCallback          0x08000c99   Thumb Code     2  stm32f1xx_hal_can.o(i.HAL_CAN_TxMailbox2AbortCallback)
    HAL_CAN_TxMailbox2CompleteCallback       0x08000c9b   Thumb Code     2  stm32f1xx_hal_can.o(i.HAL_CAN_TxMailbox2CompleteCallback)
    HAL_CAN_WakeUpFromRxMsgCallback          0x08000c9d   Thumb Code     2  stm32f1xx_hal_can.o(i.HAL_CAN_WakeUpFromRxMsgCallback)
    HAL_DMA_Abort_IT                         0x08000ca1   Thumb Code   148  stm32f1xx_hal_dma.o(i.HAL_DMA_Abort_IT)
    HAL_DMA_IRQHandler                       0x08000d39   Thumb Code   316  stm32f1xx_hal_dma.o(i.HAL_DMA_IRQHandler)
    HAL_DMA_Init                             0x08000e8d   Thumb Code    84  stm32f1xx_hal_dma.o(i.HAL_DMA_Init)
    HAL_DMA_Start_IT                         0x08000ee9   Thumb Code   112  stm32f1xx_hal_dma.o(i.HAL_DMA_Start_IT)
    HAL_FLASH_Lock                           0x08000f59   Thumb Code    14  stm32f1xx_hal_flash.o(i.HAL_FLASH_Lock)
    HAL_FLASH_Unlock                         0x08000f6d   Thumb Code    28  stm32f1xx_hal_flash.o(i.HAL_FLASH_Unlock)
    HAL_GPIO_Init                            0x08000f95   Thumb Code   446  stm32f1xx_hal_gpio.o(i.HAL_GPIO_Init)
    HAL_GetTick                              0x08001175   Thumb Code     6  stm32f1xx_hal.o(i.HAL_GetTick)
    HAL_IncTick                              0x08001181   Thumb Code    12  stm32f1xx_hal.o(i.HAL_IncTick)
    HAL_Init                                 0x08001191   Thumb Code    32  stm32f1xx_hal.o(i.HAL_Init)
    HAL_InitTick                             0x080011b5   Thumb Code    54  stm32f1xx_hal.o(i.HAL_InitTick)
    HAL_MspInit                              0x080011f5   Thumb Code    52  stm32f1xx_hal_msp.o(i.HAL_MspInit)
    HAL_NVIC_EnableIRQ                       0x08001231   Thumb Code    26  stm32f1xx_hal_cortex.o(i.HAL_NVIC_EnableIRQ)
    HAL_NVIC_SetPriority                     0x0800124d   Thumb Code    60  stm32f1xx_hal_cortex.o(i.HAL_NVIC_SetPriority)
    HAL_NVIC_SetPriorityGrouping             0x0800128d   Thumb Code    26  stm32f1xx_hal_cortex.o(i.HAL_NVIC_SetPriorityGrouping)
    HAL_RCC_ClockConfig                      0x080012b1   Thumb Code   280  stm32f1xx_hal_rcc.o(i.HAL_RCC_ClockConfig)
    HAL_RCC_GetSysClockFreq                  0x080013dd   Thumb Code    58  stm32f1xx_hal_rcc.o(i.HAL_RCC_GetSysClockFreq)
    HAL_RCC_OscConfig                        0x08001429   Thumb Code   778  stm32f1xx_hal_rcc.o(i.HAL_RCC_OscConfig)
    HAL_SYSTICK_Config                       0x08001749   Thumb Code    40  stm32f1xx_hal_cortex.o(i.HAL_SYSTICK_Config)
    HAL_TIMEx_ConfigBreakDeadTime            0x08001771   Thumb Code    84  stm32f1xx_hal_tim_ex.o(i.HAL_TIMEx_ConfigBreakDeadTime)
    HAL_TIMEx_MasterConfigSynchronization    0x080017c5   Thumb Code    92  stm32f1xx_hal_tim_ex.o(i.HAL_TIMEx_MasterConfigSynchronization)
    HAL_TIM_Base_Init                        0x0800182d   Thumb Code    90  stm32f1xx_hal_tim.o(i.HAL_TIM_Base_Init)
    HAL_TIM_Base_MspInit                     0x08001889   Thumb Code   126  stm32f1xx_hal_msp.o(i.HAL_TIM_Base_MspInit)
    HAL_TIM_ConfigClockSource                0x0800191d   Thumb Code   220  stm32f1xx_hal_tim.o(i.HAL_TIM_ConfigClockSource)
    HAL_TIM_ErrorCallback                    0x080019f9   Thumb Code     2  stm32f1xx_hal_tim.o(i.HAL_TIM_ErrorCallback)
    HAL_TIM_MspPostInit                      0x080019fd   Thumb Code    64  stm32f1xx_hal_msp.o(i.HAL_TIM_MspPostInit)
    HAL_TIM_PWM_ConfigChannel                0x08001a49   Thumb Code   204  stm32f1xx_hal_tim.o(i.HAL_TIM_PWM_ConfigChannel)
    HAL_TIM_PWM_Init                         0x08001b15   Thumb Code    90  stm32f1xx_hal_tim.o(i.HAL_TIM_PWM_Init)
    HAL_TIM_PWM_MspInit                      0x08001b6f   Thumb Code     2  stm32f1xx_hal_tim.o(i.HAL_TIM_PWM_MspInit)
    HAL_TIM_PWM_PulseFinishedCallback        0x08001b71   Thumb Code    32  main.o(i.HAL_TIM_PWM_PulseFinishedCallback)
    HAL_TIM_PWM_PulseFinishedHalfCpltCallback 0x08001b9d   Thumb Code     2  stm32f1xx_hal_tim.o(i.HAL_TIM_PWM_PulseFinishedHalfCpltCallback)
    HAL_TIM_PWM_Start_DMA                    0x08001ba1   Thumb Code   378  stm32f1xx_hal_tim.o(i.HAL_TIM_PWM_Start_DMA)
    HAL_TIM_PWM_Stop_DMA                     0x08001d35   Thumb Code   190  stm32f1xx_hal_tim.o(i.HAL_TIM_PWM_Stop_DMA)
    HardFault_Handler                        0x08001df9   Thumb Code     2  stm32f1xx_it.o(i.HardFault_Handler)
    MemManage_Handler                        0x08001f3d   Thumb Code     2  stm32f1xx_it.o(i.MemManage_Handler)
    NMI_Handler                              0x08001f3f   Thumb Code     2  stm32f1xx_it.o(i.NMI_Handler)
    PendSV_Handler                           0x08001f41   Thumb Code     2  stm32f1xx_it.o(i.PendSV_Handler)
    Pulse                                    0x08001f45   Thumb Code   252  main.o(i.Pulse)
    Rainbow                                  0x08002055   Thumb Code   476  main.o(i.Rainbow)
    SVC_Handler                              0x0800223d   Thumb Code     2  stm32f1xx_it.o(i.SVC_Handler)
    Set_LED                                  0x08002241   Thumb Code    20  main.o(i.Set_LED)
    Solid                                    0x08002259   Thumb Code    66  main.o(i.Solid)
    SysTick_Handler                          0x080022a1   Thumb Code     4  stm32f1xx_it.o(i.SysTick_Handler)
    SystemClock_Config                       0x080022a5   Thumb Code    94  main.o(i.SystemClock_Config)
    SystemInit                               0x08002303   Thumb Code     2  system_stm32f1xx.o(i.SystemInit)
    TIM_Base_SetConfig                       0x08002305   Thumb Code    94  stm32f1xx_hal_tim.o(i.TIM_Base_SetConfig)
    TIM_CCxChannelCmd                        0x08002371   Thumb Code    26  stm32f1xx_hal_tim.o(i.TIM_CCxChannelCmd)
    TIM_DMADelayPulseHalfCplt                0x080023e9   Thumb Code    56  stm32f1xx_hal_tim.o(i.TIM_DMADelayPulseHalfCplt)
    TIM_DMAError                             0x08002421   Thumb Code    84  stm32f1xx_hal_tim.o(i.TIM_DMAError)
    TIM_ETR_SetConfig                        0x08002475   Thumb Code    20  stm32f1xx_hal_tim.o(i.TIM_ETR_SetConfig)
    TIM_OC2_SetConfig                        0x080024e9   Thumb Code    84  stm32f1xx_hal_tim.o(i.TIM_OC2_SetConfig)
    Turn_Left                                0x08002625   Thumb Code   130  main.o(i.Turn_Left)
    Turn_Right                               0x080026b1   Thumb Code   118  main.o(i.Turn_Right)
    UsageFault_Handler                       0x08002731   Thumb Code     2  stm32f1xx_it.o(i.UsageFault_Handler)
    WS2812_Send                              0x08002735   Thumb Code   140  main.o(i.WS2812_Send)
    Wheel                                    0x080027cd   Thumb Code    64  main.o(i.Wheel)
    __ARM_fpclassify                         0x0800280d   Thumb Code    40  fpclassify.o(i.__ARM_fpclassify)
    __ieee754_rem_pio2                       0x08002855   Thumb Code   828  rred.o(i.__ieee754_rem_pio2)
    __kernel_poly                            0x08002bdd   Thumb Code   170  poly.o(i.__kernel_poly)
    __kernel_tan                             0x08002c89   Thumb Code   586  tan_i.o(i.__kernel_tan)
    __mathlib_dbl_infnan                     0x08002f05   Thumb Code     6  dunder.o(i.__mathlib_dbl_infnan)
    __mathlib_dbl_invalid                    0x08002f0b   Thumb Code    12  dunder.o(i.__mathlib_dbl_invalid)
    __mathlib_dbl_underflow                  0x08002f19   Thumb Code    10  dunder.o(i.__mathlib_dbl_underflow)
    animation                                0x08002f29   Thumb Code  2360  main.o(i.animation)
    colorCycle                               0x08003865   Thumb Code    94  main.o(i.colorCycle)
    main                                     0x080038cd   Thumb Code   328  main.o(i.main)
    tan                                      0x08003a29   Thumb Code    90  tan.o(i.tan)
    __aeabi_dadd                             0x08003a8d   Thumb Code     0  daddsub_clz.o(x$fpl$dadd)
    _dadd                                    0x08003a8d   Thumb Code   332  daddsub_clz.o(x$fpl$dadd)
    __fpl_dcheck_NaN1                        0x08003bdd   Thumb Code    10  dcheck1.o(x$fpl$dcheck1)
    __aeabi_ddiv                             0x08003bed   Thumb Code     0  ddiv.o(x$fpl$ddiv)
    _ddiv                                    0x08003bed   Thumb Code   552  ddiv.o(x$fpl$ddiv)
    __aeabi_d2iz                             0x08003e9d   Thumb Code     0  dfix.o(x$fpl$dfix)
    _dfix                                    0x08003e9d   Thumb Code    94  dfix.o(x$fpl$dfix)
    __aeabi_i2d                              0x08003efb   Thumb Code     0  dflt_clz.o(x$fpl$dflt)
    _dflt                                    0x08003efb   Thumb Code    46  dflt_clz.o(x$fpl$dflt)
    __aeabi_ui2d                             0x08003f29   Thumb Code     0  dflt_clz.o(x$fpl$dfltu)
    _dfltu                                   0x08003f29   Thumb Code    38  dflt_clz.o(x$fpl$dfltu)
    __aeabi_dmul                             0x08003f51   Thumb Code     0  dmul.o(x$fpl$dmul)
    _dmul                                    0x08003f51   Thumb Code   332  dmul.o(x$fpl$dmul)
    __fpl_dnaninf                            0x080040a5   Thumb Code   156  dnaninf.o(x$fpl$dnaninf)
    __fpl_dretinf                            0x08004141   Thumb Code    12  dretinf.o(x$fpl$dretinf)
    __aeabi_drsub                            0x0800414d   Thumb Code     0  daddsub_clz.o(x$fpl$drsb)
    _drsb                                    0x0800414d   Thumb Code    22  daddsub_clz.o(x$fpl$drsb)
    __aeabi_dsub                             0x08004165   Thumb Code     0  daddsub_clz.o(x$fpl$dsub)
    _dsub                                    0x08004165   Thumb Code   464  daddsub_clz.o(x$fpl$dsub)
    __aeabi_fadd                             0x08004339   Thumb Code     0  faddsub_clz.o(x$fpl$fadd)
    _fadd                                    0x08004339   Thumb Code   196  faddsub_clz.o(x$fpl$fadd)
    __aeabi_fdiv                             0x080043fd   Thumb Code     0  fdiv.o(x$fpl$fdiv)
    _fdiv                                    0x080043fd   Thumb Code   384  fdiv.o(x$fpl$fdiv)
    __aeabi_f2iz                             0x08004581   Thumb Code     0  ffix.o(x$fpl$ffix)
    _ffix                                    0x08004581   Thumb Code    54  ffix.o(x$fpl$ffix)
    __aeabi_i2f                              0x080045b9   Thumb Code     0  fflt_clz.o(x$fpl$fflt)
    _fflt                                    0x080045b9   Thumb Code    48  fflt_clz.o(x$fpl$fflt)
    __aeabi_ui2f                             0x080045e9   Thumb Code     0  fflt_clz.o(x$fpl$ffltu)
    _ffltu                                   0x080045e9   Thumb Code    38  fflt_clz.o(x$fpl$ffltu)
    __aeabi_fmul                             0x08004611   Thumb Code     0  fmul.o(x$fpl$fmul)
    _fmul                                    0x08004611   Thumb Code   258  fmul.o(x$fpl$fmul)
    __fpl_fnaninf                            0x08004713   Thumb Code   140  fnaninf.o(x$fpl$fnaninf)
    __fpl_fretinf                            0x0800479f   Thumb Code    10  fretinf.o(x$fpl$fretinf)
    __aeabi_frsub                            0x080047a9   Thumb Code     0  faddsub_clz.o(x$fpl$frsb)
    _frsb                                    0x080047a9   Thumb Code    20  faddsub_clz.o(x$fpl$frsb)
    __aeabi_fsub                             0x080047bd   Thumb Code     0  faddsub_clz.o(x$fpl$fsub)
    _fsub                                    0x080047bd   Thumb Code   234  faddsub_clz.o(x$fpl$fsub)
    __fpl_return_NaN                         0x080048a7   Thumb Code   100  retnan.o(x$fpl$retnan)
    __ARM_scalbn                             0x0800490b   Thumb Code    92  scalbn.o(x$fpl$scalbn)
    __fpl_cmpreturn                          0x08004967   Thumb Code    48  trapv.o(x$fpl$trapveneer)
    __I$use$fp                               0x08004996   Number         0  usenofp.o(x$fpl$usenofp)
    AHBPrescTable                            0x080049a8   Data          16  system_stm32f1xx.o(.constdata)
    Region$$Table$$Base                      0x08004ae0   Number         0  anon$$obj.o(Region$$Table)
    Region$$Table$$Limit                     0x08004b00   Number         0  anon$$obj.o(Region$$Table)
    datasentflag1                            0x20000000   Data           1  main.o(.data)
    mode                                     0x20000002   Data           2  main.o(.data)
    pre_mode                                 0x20000004   Data           2  main.o(.data)
    color_Manual                             0x20000006   Data           3  main.o(.data)
    color_Auto                               0x20000009   Data           3  main.o(.data)
    color_Turn                               0x2000000c   Data           3  main.o(.data)
    color_Error                              0x2000000f   Data           3  main.o(.data)
    color_Off                                0x20000012   Data           3  main.o(.data)
    color_White                              0x20000015   Data           3  main.o(.data)
    datacheck                                0x20000018   Data           4  main.o(.data)
    TxMailbox1                               0x2000001c   Data           4  main.o(.data)
    TxMailbox2                               0x20000020   Data           4  main.o(.data)
    numLEDs                                  0x20000024   Data           8  main.o(.data)
    data                                     0x2000002c   Data           8  main.o(.data)
    TxData1                                  0x20000034   Data           8  main.o(.data)
    TxData2                                  0x2000003c   Data           8  main.o(.data)
    RxData                                   0x20000044   Data           8  main.o(.data)
    uwTickFreq                               0x2000004c   Data           1  stm32f1xx_hal.o(.data)
    uwTickPrio                               0x20000050   Data           4  stm32f1xx_hal.o(.data)
    uwTick                                   0x20000054   Data           4  stm32f1xx_hal.o(.data)
    SystemCoreClock                          0x20000058   Data           4  system_stm32f1xx.o(.data)
    effStep                                  0x2000005c   Data          16  main.o(.bss)
    hcan                                     0x2000006c   Data          40  main.o(.bss)
    htim1                                    0x20000094   Data          72  main.o(.bss)
    LED_Data                                 0x200000dc   Data        1400  main.o(.bss)
    pwmData1                                 0x20000654   Data       14480  main.o(.bss)
    TxHeader1                                0x20003ee4   Data          24  main.o(.bss)
    TxHeader2                                0x20003efc   Data          24  main.o(.bss)
    RxHeader                                 0x20003f14   Data          28  main.o(.bss)
    hdma_tim1_ch1                            0x20003f30   Data          68  main.o(.bss)
    hdma_tim1_ch2                            0x20003f74   Data          68  main.o(.bss)
    __libspace_start                         0x20003fb8   Data          96  libspace.o(.bss)
    __temporary_stack_top$libspace           0x20004018   Data           0  libspace.o(.bss)



==============================================================================

Memory Map of the image

  Image Entry point : 0x080000ed

  Load Region LR_IROM1 (Base: 0x08000000, Size: 0x00004b5c, Max: 0x00010000, ABSOLUTE)

    Execution Region ER_IROM1 (Exec base: 0x08000000, Load base: 0x08000000, Size: 0x00004b00, Max: 0x00010000, ABSOLUTE)

    Exec Addr    Load Addr    Size         Type   Attr      Idx    E Section Name        Object

    0x08000000   0x08000000   0x000000ec   Data   RO            3    RESET               startup_stm32f103xb.o
    0x080000ec   0x080000ec   0x00000008   Code   RO         2765  * !!!main             c_w.l(__main.o)
    0x080000f4   0x080000f4   0x00000034   Code   RO         3027    !!!scatter          c_w.l(__scatter.o)
    0x08000128   0x08000128   0x0000001a   Code   RO         3029    !!handler_copy      c_w.l(__scatter_copy.o)
    0x08000142   0x08000142   0x00000002   PAD
    0x08000144   0x08000144   0x0000001c   Code   RO         3031    !!handler_zi        c_w.l(__scatter_zi.o)
    0x08000160   0x08000160   0x00000002   Code   RO         2894    .ARM.Collect$$libinit$$00000000  c_w.l(libinit.o)
    0x08000162   0x08000162   0x00000000   Code   RO         2900    .ARM.Collect$$libinit$$00000002  c_w.l(libinit2.o)
    0x08000162   0x08000162   0x00000000   Code   RO         2902    .ARM.Collect$$libinit$$00000004  c_w.l(libinit2.o)
    0x08000162   0x08000162   0x00000000   Code   RO         2905    .ARM.Collect$$libinit$$0000000A  c_w.l(libinit2.o)
    0x08000162   0x08000162   0x00000000   Code   RO         2907    .ARM.Collect$$libinit$$0000000C  c_w.l(libinit2.o)
    0x08000162   0x08000162   0x00000000   Code   RO         2909    .ARM.Collect$$libinit$$0000000E  c_w.l(libinit2.o)
    0x08000162   0x08000162   0x00000000   Code   RO         2912    .ARM.Collect$$libinit$$00000011  c_w.l(libinit2.o)
    0x08000162   0x08000162   0x00000000   Code   RO         2914    .ARM.Collect$$libinit$$00000013  c_w.l(libinit2.o)
    0x08000162   0x08000162   0x00000000   Code   RO         2916    .ARM.Collect$$libinit$$00000015  c_w.l(libinit2.o)
    0x08000162   0x08000162   0x00000000   Code   RO         2918    .ARM.Collect$$libinit$$00000017  c_w.l(libinit2.o)
    0x08000162   0x08000162   0x00000000   Code   RO         2920    .ARM.Collect$$libinit$$00000019  c_w.l(libinit2.o)
    0x08000162   0x08000162   0x00000000   Code   RO         2922    .ARM.Collect$$libinit$$0000001B  c_w.l(libinit2.o)
    0x08000162   0x08000162   0x00000000   Code   RO         2924    .ARM.Collect$$libinit$$0000001D  c_w.l(libinit2.o)
    0x08000162   0x08000162   0x00000000   Code   RO         2926    .ARM.Collect$$libinit$$0000001F  c_w.l(libinit2.o)
    0x08000162   0x08000162   0x00000000   Code   RO         2928    .ARM.Collect$$libinit$$00000021  c_w.l(libinit2.o)
    0x08000162   0x08000162   0x00000000   Code   RO         2930    .ARM.Collect$$libinit$$00000023  c_w.l(libinit2.o)
    0x08000162   0x08000162   0x00000000   Code   RO         2932    .ARM.Collect$$libinit$$00000025  c_w.l(libinit2.o)
    0x08000162   0x08000162   0x00000000   Code   RO         2936    .ARM.Collect$$libinit$$0000002C  c_w.l(libinit2.o)
    0x08000162   0x08000162   0x00000000   Code   RO         2938    .ARM.Collect$$libinit$$0000002E  c_w.l(libinit2.o)
    0x08000162   0x08000162   0x00000000   Code   RO         2940    .ARM.Collect$$libinit$$00000030  c_w.l(libinit2.o)
    0x08000162   0x08000162   0x00000000   Code   RO         2942    .ARM.Collect$$libinit$$00000032  c_w.l(libinit2.o)
    0x08000162   0x08000162   0x00000002   Code   RO         2943    .ARM.Collect$$libinit$$00000033  c_w.l(libinit2.o)
    0x08000164   0x08000164   0x00000002   Code   RO         2967    .ARM.Collect$$libshutdown$$00000000  c_w.l(libshutdown.o)
    0x08000166   0x08000166   0x00000000   Code   RO         2980    .ARM.Collect$$libshutdown$$00000002  c_w.l(libshutdown2.o)
    0x08000166   0x08000166   0x00000000   Code   RO         2982    .ARM.Collect$$libshutdown$$00000004  c_w.l(libshutdown2.o)
    0x08000166   0x08000166   0x00000000   Code   RO         2985    .ARM.Collect$$libshutdown$$00000007  c_w.l(libshutdown2.o)
    0x08000166   0x08000166   0x00000000   Code   RO         2988    .ARM.Collect$$libshutdown$$0000000A  c_w.l(libshutdown2.o)
    0x08000166   0x08000166   0x00000000   Code   RO         2990    .ARM.Collect$$libshutdown$$0000000C  c_w.l(libshutdown2.o)
    0x08000166   0x08000166   0x00000000   Code   RO         2993    .ARM.Collect$$libshutdown$$0000000F  c_w.l(libshutdown2.o)
    0x08000166   0x08000166   0x00000002   Code   RO         2994    .ARM.Collect$$libshutdown$$00000010  c_w.l(libshutdown2.o)
    0x08000168   0x08000168   0x00000000   Code   RO         2813    .ARM.Collect$$rtentry$$00000000  c_w.l(__rtentry.o)
    0x08000168   0x08000168   0x00000000   Code   RO         2851    .ARM.Collect$$rtentry$$00000002  c_w.l(__rtentry2.o)
    0x08000168   0x08000168   0x00000006   Code   RO         2863    .ARM.Collect$$rtentry$$00000004  c_w.l(__rtentry4.o)
    0x0800016e   0x0800016e   0x00000000   Code   RO         2853    .ARM.Collect$$rtentry$$00000009  c_w.l(__rtentry2.o)
    0x0800016e   0x0800016e   0x00000004   Code   RO         2854    .ARM.Collect$$rtentry$$0000000A  c_w.l(__rtentry2.o)
    0x08000172   0x08000172   0x00000000   Code   RO         2856    .ARM.Collect$$rtentry$$0000000C  c_w.l(__rtentry2.o)
    0x08000172   0x08000172   0x00000008   Code   RO         2857    .ARM.Collect$$rtentry$$0000000D  c_w.l(__rtentry2.o)
    0x0800017a   0x0800017a   0x00000002   Code   RO         2897    .ARM.Collect$$rtexit$$00000000  c_w.l(rtexit.o)
    0x0800017c   0x0800017c   0x00000000   Code   RO         2947    .ARM.Collect$$rtexit$$00000002  c_w.l(rtexit2.o)
    0x0800017c   0x0800017c   0x00000004   Code   RO         2948    .ARM.Collect$$rtexit$$00000003  c_w.l(rtexit2.o)
    0x08000180   0x08000180   0x00000006   Code   RO         2949    .ARM.Collect$$rtexit$$00000004  c_w.l(rtexit2.o)
    0x08000186   0x08000186   0x00000002   PAD
    0x08000188   0x08000188   0x00000040   Code   RO            4    .text               startup_stm32f103xb.o
    0x080001c8   0x080001c8   0x0000004e   Code   RO         2761    .text               c_w.l(rt_memclr_w.o)
    0x08000216   0x08000216   0x00000006   Code   RO         2763    .text               c_w.l(heapauxi.o)
    0x0800021c   0x0800021c   0x00000016   Code   RO         2814    .text               c_w.l(_rserrno.o)
    0x08000232   0x08000232   0x00000002   PAD
    0x08000234   0x08000234   0x00000008   Code   RO         2868    .text               c_w.l(rt_errno_addr_intlibspace.o)
    0x0800023c   0x0800023c   0x00000008   Code   RO         2882    .text               c_w.l(libspace.o)
    0x08000244   0x08000244   0x0000004a   Code   RO         2885    .text               c_w.l(sys_stackheap_outer.o)
    0x0800028e   0x0800028e   0x00000012   Code   RO         2887    .text               c_w.l(exit.o)
    0x080002a0   0x080002a0   0x0000000c   Code   RO         2959    .text               c_w.l(sys_exit.o)
    0x080002ac   0x080002ac   0x00000002   Code   RO         2970    .text               c_w.l(use_no_semi.o)
    0x080002ae   0x080002ae   0x00000000   Code   RO         2972    .text               c_w.l(indicate_semi.o)
    0x080002ae   0x080002ae   0x00000002   PAD
    0x080002b0   0x080002b0   0x000000b4   Code   RO           13    i.Blink             main.o
    0x08000364   0x08000364   0x00000002   Code   RO          246    i.BusFault_Handler  stm32f1xx_it.o
    0x08000366   0x08000366   0x00000002   PAD
    0x08000368   0x08000368   0x0000000c   Code   RO          247    i.CAN1_RX1_IRQHandler  stm32f1xx_it.o
    0x08000374   0x08000374   0x000000c4   Code   RO           14    i.Comet             main.o
    0x08000438   0x08000438   0x0000000c   Code   RO          248    i.DMA1_Channel2_IRQHandler  stm32f1xx_it.o
    0x08000444   0x08000444   0x0000000c   Code   RO          249    i.DMA1_Channel3_IRQHandler  stm32f1xx_it.o
    0x08000450   0x08000450   0x0000002a   Code   RO         1152    i.DMA_SetConfig     stm32f1xx_hal_dma.o
    0x0800047a   0x0800047a   0x00000002   Code   RO          250    i.DebugMon_Handler  stm32f1xx_it.o
    0x0800047c   0x0800047c   0x00000004   Code   RO           15    i.Error_Handler     main.o
    0x08000480   0x08000480   0x00000038   Code   RO          395    i.Flash_Erase       flash.o
    0x080004b8   0x080004b8   0x00000078   Code   RO          398    i.Flash_Read_String  flash.o
    0x08000530   0x08000530   0x00000050   Code   RO          402    i.Flash_Write_String  flash.o
    0x08000580   0x08000580   0x00000024   Code   RO          539    i.HAL_CAN_ActivateNotification  stm32f1xx_hal_can.o
    0x080005a4   0x080005a4   0x000000bc   Code   RO          540    i.HAL_CAN_AddTxMessage  stm32f1xx_hal_can.o
    0x08000660   0x08000660   0x000000ee   Code   RO          541    i.HAL_CAN_ConfigFilter  stm32f1xx_hal_can.o
    0x0800074e   0x0800074e   0x00000002   Code   RO          544    i.HAL_CAN_ErrorCallback  stm32f1xx_hal_can.o
    0x08000750   0x08000750   0x000000f4   Code   RO          547    i.HAL_CAN_GetRxMessage  stm32f1xx_hal_can.o
    0x08000844   0x08000844   0x000001fc   Code   RO          551    i.HAL_CAN_IRQHandler  stm32f1xx_hal_can.o
    0x08000a40   0x08000a40   0x0000011a   Code   RO          552    i.HAL_CAN_Init      stm32f1xx_hal_can.o
    0x08000b5a   0x08000b5a   0x00000002   PAD
    0x08000b5c   0x08000b5c   0x0000007c   Code   RO          341    i.HAL_CAN_MspInit   stm32f1xx_hal_msp.o
    0x08000bd8   0x08000bd8   0x00000002   Code   RO          559    i.HAL_CAN_RxFifo0FullCallback  stm32f1xx_hal_can.o
    0x08000bda   0x08000bda   0x00000002   Code   RO          560    i.HAL_CAN_RxFifo0MsgPendingCallback  stm32f1xx_hal_can.o
    0x08000bdc   0x08000bdc   0x00000002   Code   RO          561    i.HAL_CAN_RxFifo1FullCallback  stm32f1xx_hal_can.o
    0x08000bde   0x08000bde   0x00000002   PAD
    0x08000be0   0x08000be0   0x00000054   Code   RO           16    i.HAL_CAN_RxFifo1MsgPendingCallback  main.o
    0x08000c34   0x08000c34   0x00000002   Code   RO          563    i.HAL_CAN_SleepCallback  stm32f1xx_hal_can.o
    0x08000c36   0x08000c36   0x00000002   PAD
    0x08000c38   0x08000c38   0x00000058   Code   RO          564    i.HAL_CAN_Start     stm32f1xx_hal_can.o
    0x08000c90   0x08000c90   0x00000002   Code   RO          566    i.HAL_CAN_TxMailbox0AbortCallback  stm32f1xx_hal_can.o
    0x08000c92   0x08000c92   0x00000002   Code   RO          567    i.HAL_CAN_TxMailbox0CompleteCallback  stm32f1xx_hal_can.o
    0x08000c94   0x08000c94   0x00000002   Code   RO          568    i.HAL_CAN_TxMailbox1AbortCallback  stm32f1xx_hal_can.o
    0x08000c96   0x08000c96   0x00000002   Code   RO          569    i.HAL_CAN_TxMailbox1CompleteCallback  stm32f1xx_hal_can.o
    0x08000c98   0x08000c98   0x00000002   Code   RO          570    i.HAL_CAN_TxMailbox2AbortCallback  stm32f1xx_hal_can.o
    0x08000c9a   0x08000c9a   0x00000002   Code   RO          571    i.HAL_CAN_TxMailbox2CompleteCallback  stm32f1xx_hal_can.o
    0x08000c9c   0x08000c9c   0x00000002   Code   RO          573    i.HAL_CAN_WakeUpFromRxMsgCallback  stm32f1xx_hal_can.o
    0x08000c9e   0x08000c9e   0x00000002   PAD
    0x08000ca0   0x08000ca0   0x00000098   Code   RO         1154    i.HAL_DMA_Abort_IT  stm32f1xx_hal_dma.o
    0x08000d38   0x08000d38   0x00000154   Code   RO         1158    i.HAL_DMA_IRQHandler  stm32f1xx_hal_dma.o
    0x08000e8c   0x08000e8c   0x0000005c   Code   RO         1159    i.HAL_DMA_Init      stm32f1xx_hal_dma.o
    0x08000ee8   0x08000ee8   0x00000070   Code   RO         1163    i.HAL_DMA_Start_IT  stm32f1xx_hal_dma.o
    0x08000f58   0x08000f58   0x00000014   Code   RO         1495    i.HAL_FLASH_Lock    stm32f1xx_hal_flash.o
    0x08000f6c   0x08000f6c   0x00000028   Code   RO         1502    i.HAL_FLASH_Unlock  stm32f1xx_hal_flash.o
    0x08000f94   0x08000f94   0x000001e0   Code   RO         1089    i.HAL_GPIO_Init     stm32f1xx_hal_gpio.o
    0x08001174   0x08001174   0x0000000c   Code   RO          783    i.HAL_GetTick       stm32f1xx_hal.o
    0x08001180   0x08001180   0x00000010   Code   RO          789    i.HAL_IncTick       stm32f1xx_hal.o
    0x08001190   0x08001190   0x00000024   Code   RO          790    i.HAL_Init          stm32f1xx_hal.o
    0x080011b4   0x080011b4   0x00000040   Code   RO          791    i.HAL_InitTick      stm32f1xx_hal.o
    0x080011f4   0x080011f4   0x0000003c   Code   RO          342    i.HAL_MspInit       stm32f1xx_hal_msp.o
    0x08001230   0x08001230   0x0000001a   Code   RO         1249    i.HAL_NVIC_EnableIRQ  stm32f1xx_hal_cortex.o
    0x0800124a   0x0800124a   0x00000002   PAD
    0x0800124c   0x0800124c   0x00000040   Code   RO         1255    i.HAL_NVIC_SetPriority  stm32f1xx_hal_cortex.o
    0x0800128c   0x0800128c   0x00000024   Code   RO         1256    i.HAL_NVIC_SetPriorityGrouping  stm32f1xx_hal_cortex.o
    0x080012b0   0x080012b0   0x0000012c   Code   RO          947    i.HAL_RCC_ClockConfig  stm32f1xx_hal_rcc.o
    0x080013dc   0x080013dc   0x0000004c   Code   RO          956    i.HAL_RCC_GetSysClockFreq  stm32f1xx_hal_rcc.o
    0x08001428   0x08001428   0x00000320   Code   RO          959    i.HAL_RCC_OscConfig  stm32f1xx_hal_rcc.o
    0x08001748   0x08001748   0x00000028   Code   RO         1260    i.HAL_SYSTICK_Config  stm32f1xx_hal_cortex.o
    0x08001770   0x08001770   0x00000054   Code   RO         2458    i.HAL_TIMEx_ConfigBreakDeadTime  stm32f1xx_hal_tim_ex.o
    0x080017c4   0x080017c4   0x00000068   Code   RO         2474    i.HAL_TIMEx_MasterConfigSynchronization  stm32f1xx_hal_tim_ex.o
    0x0800182c   0x0800182c   0x0000005a   Code   RO         1751    i.HAL_TIM_Base_Init  stm32f1xx_hal_tim.o
    0x08001886   0x08001886   0x00000002   PAD
    0x08001888   0x08001888   0x00000094   Code   RO          344    i.HAL_TIM_Base_MspInit  stm32f1xx_hal_msp.o
    0x0800191c   0x0800191c   0x000000dc   Code   RO         1760    i.HAL_TIM_ConfigClockSource  stm32f1xx_hal_tim.o
    0x080019f8   0x080019f8   0x00000002   Code   RO         1781    i.HAL_TIM_ErrorCallback  stm32f1xx_hal_tim.o
    0x080019fa   0x080019fa   0x00000002   PAD
    0x080019fc   0x080019fc   0x0000004c   Code   RO          345    i.HAL_TIM_MspPostInit  stm32f1xx_hal_msp.o
    0x08001a48   0x08001a48   0x000000cc   Code   RO         1823    i.HAL_TIM_PWM_ConfigChannel  stm32f1xx_hal_tim.o
    0x08001b14   0x08001b14   0x0000005a   Code   RO         1826    i.HAL_TIM_PWM_Init  stm32f1xx_hal_tim.o
    0x08001b6e   0x08001b6e   0x00000002   Code   RO         1828    i.HAL_TIM_PWM_MspInit  stm32f1xx_hal_tim.o
    0x08001b70   0x08001b70   0x0000002c   Code   RO           17    i.HAL_TIM_PWM_PulseFinishedCallback  main.o
    0x08001b9c   0x08001b9c   0x00000002   Code   RO         1830    i.HAL_TIM_PWM_PulseFinishedHalfCpltCallback  stm32f1xx_hal_tim.o
    0x08001b9e   0x08001b9e   0x00000002   PAD
    0x08001ba0   0x08001ba0   0x00000194   Code   RO         1832    i.HAL_TIM_PWM_Start_DMA  stm32f1xx_hal_tim.o
    0x08001d34   0x08001d34   0x000000c4   Code   RO         1835    i.HAL_TIM_PWM_Stop_DMA  stm32f1xx_hal_tim.o
    0x08001df8   0x08001df8   0x00000002   Code   RO          251    i.HardFault_Handler  stm32f1xx_it.o
    0x08001dfa   0x08001dfa   0x00000002   PAD
    0x08001dfc   0x08001dfc   0x0000006c   Code   RO           18    i.MX_CAN_Init       main.o
    0x08001e68   0x08001e68   0x000000d4   Code   RO           19    i.MX_TIM1_Init      main.o
    0x08001f3c   0x08001f3c   0x00000002   Code   RO          252    i.MemManage_Handler  stm32f1xx_it.o
    0x08001f3e   0x08001f3e   0x00000002   Code   RO          253    i.NMI_Handler       stm32f1xx_it.o
    0x08001f40   0x08001f40   0x00000002   Code   RO          254    i.PendSV_Handler    stm32f1xx_it.o
    0x08001f42   0x08001f42   0x00000002   PAD
    0x08001f44   0x08001f44   0x00000110   Code   RO           20    i.Pulse             main.o
    0x08002054   0x08002054   0x000001e8   Code   RO           21    i.Rainbow           main.o
    0x0800223c   0x0800223c   0x00000002   Code   RO          255    i.SVC_Handler       stm32f1xx_it.o
    0x0800223e   0x0800223e   0x00000002   PAD
    0x08002240   0x08002240   0x00000018   Code   RO           22    i.Set_LED           main.o
    0x08002258   0x08002258   0x00000048   Code   RO           23    i.Solid             main.o
    0x080022a0   0x080022a0   0x00000004   Code   RO          256    i.SysTick_Handler   stm32f1xx_it.o
    0x080022a4   0x080022a4   0x0000005e   Code   RO           24    i.SystemClock_Config  main.o
    0x08002302   0x08002302   0x00000002   Code   RO         2723    i.SystemInit        system_stm32f1xx.o
    0x08002304   0x08002304   0x0000006c   Code   RO         1844    i.TIM_Base_SetConfig  stm32f1xx_hal_tim.o
    0x08002370   0x08002370   0x0000001a   Code   RO         1845    i.TIM_CCxChannelCmd  stm32f1xx_hal_tim.o
    0x0800238a   0x0800238a   0x0000005e   Code   RO         1848    i.TIM_DMADelayPulseCplt  stm32f1xx_hal_tim.o
    0x080023e8   0x080023e8   0x00000038   Code   RO         1849    i.TIM_DMADelayPulseHalfCplt  stm32f1xx_hal_tim.o
    0x08002420   0x08002420   0x00000054   Code   RO         1850    i.TIM_DMAError      stm32f1xx_hal_tim.o
    0x08002474   0x08002474   0x00000014   Code   RO         1855    i.TIM_ETR_SetConfig  stm32f1xx_hal_tim.o
    0x08002488   0x08002488   0x00000010   Code   RO         1856    i.TIM_ITRx_SetConfig  stm32f1xx_hal_tim.o
    0x08002498   0x08002498   0x00000050   Code   RO         1857    i.TIM_OC1_SetConfig  stm32f1xx_hal_tim.o
    0x080024e8   0x080024e8   0x00000058   Code   RO         1858    i.TIM_OC2_SetConfig  stm32f1xx_hal_tim.o
    0x08002540   0x08002540   0x00000058   Code   RO         1859    i.TIM_OC3_SetConfig  stm32f1xx_hal_tim.o
    0x08002598   0x08002598   0x00000044   Code   RO         1860    i.TIM_OC4_SetConfig  stm32f1xx_hal_tim.o
    0x080025dc   0x080025dc   0x00000022   Code   RO         1862    i.TIM_TI1_ConfigInputStage  stm32f1xx_hal_tim.o
    0x080025fe   0x080025fe   0x00000024   Code   RO         1864    i.TIM_TI2_ConfigInputStage  stm32f1xx_hal_tim.o
    0x08002622   0x08002622   0x00000002   PAD
    0x08002624   0x08002624   0x0000008c   Code   RO           25    i.Turn_Left         main.o
    0x080026b0   0x080026b0   0x00000080   Code   RO           26    i.Turn_Right        main.o
    0x08002730   0x08002730   0x00000002   Code   RO          257    i.UsageFault_Handler  stm32f1xx_it.o
    0x08002732   0x08002732   0x00000002   PAD
    0x08002734   0x08002734   0x00000098   Code   RO           27    i.WS2812_Send       main.o
    0x080027cc   0x080027cc   0x00000040   Code   RO           28    i.Wheel             main.o
    0x0800280c   0x0800280c   0x00000028   Code   RO         2878    i.__ARM_fpclassify  m_ws.l(fpclassify.o)
    0x08002834   0x08002834   0x00000020   Code   RO         1262    i.__NVIC_SetPriority  stm32f1xx_hal_cortex.o
    0x08002854   0x08002854   0x00000388   Code   RO         2839    i.__ieee754_rem_pio2  m_ws.l(rred.o)
    0x08002bdc   0x08002bdc   0x000000aa   Code   RO         2880    i.__kernel_poly     m_ws.l(poly.o)
    0x08002c86   0x08002c86   0x00000002   PAD
    0x08002c88   0x08002c88   0x0000027c   Code   RO         2844    i.__kernel_tan      m_ws.l(tan_i.o)
    0x08002f04   0x08002f04   0x00000006   Code   RO         2826    i.__mathlib_dbl_infnan  m_ws.l(dunder.o)
    0x08002f0a   0x08002f0a   0x0000000c   Code   RO         2828    i.__mathlib_dbl_invalid  m_ws.l(dunder.o)
    0x08002f16   0x08002f16   0x00000002   PAD
    0x08002f18   0x08002f18   0x00000010   Code   RO         2831    i.__mathlib_dbl_underflow  m_ws.l(dunder.o)
    0x08002f28   0x08002f28   0x0000093c   Code   RO           29    i.animation         main.o
    0x08003864   0x08003864   0x00000068   Code   RO           30    i.colorCycle        main.o
    0x080038cc   0x080038cc   0x0000015c   Code   RO           31    i.main              main.o
    0x08003a28   0x08003a28   0x00000064   Code   RO         2806    i.tan               m_ws.l(tan.o)
    0x08003a8c   0x08003a8c   0x00000150   Code   RO         2870    x$fpl$dadd          fz_ws.l(daddsub_clz.o)
    0x08003bdc   0x08003bdc   0x00000010   Code   RO         2895    x$fpl$dcheck1       fz_ws.l(dcheck1.o)
    0x08003bec   0x08003bec   0x000002b0   Code   RO         2768    x$fpl$ddiv          fz_ws.l(ddiv.o)
    0x08003e9c   0x08003e9c   0x0000005e   Code   RO         2771    x$fpl$dfix          fz_ws.l(dfix.o)
    0x08003efa   0x08003efa   0x0000002e   Code   RO         2776    x$fpl$dflt          fz_ws.l(dflt_clz.o)
    0x08003f28   0x08003f28   0x00000026   Code   RO         2775    x$fpl$dfltu         fz_ws.l(dflt_clz.o)
    0x08003f4e   0x08003f4e   0x00000002   PAD
    0x08003f50   0x08003f50   0x00000154   Code   RO         2781    x$fpl$dmul          fz_ws.l(dmul.o)
    0x080040a4   0x080040a4   0x0000009c   Code   RO         2816    x$fpl$dnaninf       fz_ws.l(dnaninf.o)
    0x08004140   0x08004140   0x0000000c   Code   RO         2818    x$fpl$dretinf       fz_ws.l(dretinf.o)
    0x0800414c   0x0800414c   0x00000016   Code   RO         2871    x$fpl$drsb          fz_ws.l(daddsub_clz.o)
    0x08004162   0x08004162   0x00000002   PAD
    0x08004164   0x08004164   0x000001d4   Code   RO         2872    x$fpl$dsub          fz_ws.l(daddsub_clz.o)
    0x08004338   0x08004338   0x000000c4   Code   RO         2783    x$fpl$fadd          fz_ws.l(faddsub_clz.o)
    0x080043fc   0x080043fc   0x00000184   Code   RO         2790    x$fpl$fdiv          fz_ws.l(fdiv.o)
    0x08004580   0x08004580   0x00000036   Code   RO         2793    x$fpl$ffix          fz_ws.l(ffix.o)
    0x080045b6   0x080045b6   0x00000002   PAD
    0x080045b8   0x080045b8   0x00000030   Code   RO         2798    x$fpl$fflt          fz_ws.l(fflt_clz.o)
    0x080045e8   0x080045e8   0x00000026   Code   RO         2797    x$fpl$ffltu         fz_ws.l(fflt_clz.o)
    0x0800460e   0x0800460e   0x00000002   PAD
    0x08004610   0x08004610   0x00000102   Code   RO         2803    x$fpl$fmul          fz_ws.l(fmul.o)
    0x08004712   0x08004712   0x0000008c   Code   RO         2820    x$fpl$fnaninf       fz_ws.l(fnaninf.o)
    0x0800479e   0x0800479e   0x0000000a   Code   RO         2822    x$fpl$fretinf       fz_ws.l(fretinf.o)
    0x080047a8   0x080047a8   0x00000014   Code   RO         2784    x$fpl$frsb          fz_ws.l(faddsub_clz.o)
    0x080047bc   0x080047bc   0x000000ea   Code   RO         2785    x$fpl$fsub          fz_ws.l(faddsub_clz.o)
    0x080048a6   0x080048a6   0x00000064   Code   RO         2944    x$fpl$retnan        fz_ws.l(retnan.o)
    0x0800490a   0x0800490a   0x0000005c   Code   RO         2876    x$fpl$scalbn        fz_ws.l(scalbn.o)
    0x08004966   0x08004966   0x00000030   Code   RO         2957    x$fpl$trapveneer    fz_ws.l(trapv.o)
    0x08004996   0x08004996   0x00000000   Code   RO         2824    x$fpl$usenofp       fz_ws.l(usenofp.o)
    0x08004996   0x08004996   0x00000012   Data   RO          960    .constdata          stm32f1xx_hal_rcc.o
    0x080049a8   0x080049a8   0x00000010   Data   RO         2724    .constdata          system_stm32f1xx.o
    0x080049b8   0x080049b8   0x000000c8   Data   RO         2841    .constdata          m_ws.l(rred.o)
    0x08004a80   0x08004a80   0x00000060   Data   RO         2845    .constdata          m_ws.l(tan_i.o)
    0x08004ae0   0x08004ae0   0x00000020   Data   RO         3025    Region$$Table       anon$$obj.o


    Execution Region RW_IRAM1 (Exec base: 0x20000000, Load base: 0x08004b00, Size: 0x00004618, Max: 0x00005000, ABSOLUTE)

    Exec Addr    Load Addr    Size         Type   Attr      Idx    E Section Name        Object

    0x20000000   0x08004b00   0x0000004c   Data   RW           36    .data               main.o
    0x2000004c   0x08004b4c   0x0000000c   Data   RW          797    .data               stm32f1xx_hal.o
    0x20000058   0x08004b58   0x00000004   Data   RW         2726    .data               system_stm32f1xx.o
    0x2000005c        -       0x00003ed4   Zero   RW           32    .bss                main.o
    0x20003f30        -       0x00000044   Zero   RW           33    .bss                main.o
    0x20003f74        -       0x00000044   Zero   RW           34    .bss                main.o
    0x20003fb8        -       0x00000060   Zero   RW         2883    .bss                c_w.l(libspace.o)
    0x20004018        -       0x00000200   Zero   RW            2    HEAP                startup_stm32f103xb.o
    0x20004218        -       0x00000400   Zero   RW            1    STACK               startup_stm32f103xb.o


==============================================================================

Image component sizes


      Code (inc. data)   RO Data    RW Data    ZI Data      Debug   Object Name

       256         22          0          0          0       2557   flash.o
      5078        170          0         76      16220     446704   main.o
        64         26        236          0       1536        796   startup_stm32f103xb.o
       128         24          0         12          0       5193   stm32f1xx_hal.o
      1608          0          0          0          0      13347   stm32f1xx_hal_can.o
       198         14          0          0          0      28851   stm32f1xx_hal_cortex.o
       738         36          0          0          0       4230   stm32f1xx_hal_dma.o
        60         18          0          0          0       1092   stm32f1xx_hal_flash.o
       480         34          0          0          0       2232   stm32f1xx_hal_gpio.o
       408         54          0          0          0       2923   stm32f1xx_hal_msp.o
      1176         60         18          0          0       3926   stm32f1xx_hal_rcc.o
      2008         66          0          0          0      16326   stm32f1xx_hal_tim.o
       188         12          0          0          0       2100   stm32f1xx_hal_tim_ex.o
        56         18          0          0          0       5026   stm32f1xx_it.o
         2          0         16          4          0       1071   system_stm32f1xx.o

    ----------------------------------------------------------------------
     12476        554        302         92      17756     536374   Object Totals
         0          0         32          0          0          0   (incl. Generated)
        28          0          0          0          0          0   (incl. Padding)

    ----------------------------------------------------------------------

      Code (inc. data)   RO Data    RW Data    ZI Data      Debug   Library Member Name

         8          0          0          0          0         68   __main.o
         0          0          0          0          0          0   __rtentry.o
        12          0          0          0          0          0   __rtentry2.o
         6          0          0          0          0          0   __rtentry4.o
        52          8          0          0          0          0   __scatter.o
        26          0          0          0          0          0   __scatter_copy.o
        28          0          0          0          0          0   __scatter_zi.o
        22          0          0          0          0        100   _rserrno.o
        18          0          0          0          0         80   exit.o
         6          0          0          0          0        152   heapauxi.o
         0          0          0          0          0          0   indicate_semi.o
         2          0          0          0          0          0   libinit.o
         2          0          0          0          0          0   libinit2.o
         2          0          0          0          0          0   libshutdown.o
         2          0          0          0          0          0   libshutdown2.o
         8          4          0          0         96         68   libspace.o
         8          4          0          0          0         68   rt_errno_addr_intlibspace.o
        78          0          0          0          0         80   rt_memclr_w.o
         2          0          0          0          0          0   rtexit.o
        10          0          0          0          0          0   rtexit2.o
        12          4          0          0          0         68   sys_exit.o
        74          0          0          0          0         80   sys_stackheap_outer.o
         2          0          0          0          0         68   use_no_semi.o
       826         16          0          0          0        348   daddsub_clz.o
        16          4          0          0          0         68   dcheck1.o
       688        140          0          0          0        208   ddiv.o
        94          4          0          0          0         92   dfix.o
        84          0          0          0          0        136   dflt_clz.o
       340         12          0          0          0        104   dmul.o
       156          4          0          0          0         92   dnaninf.o
        12          0          0          0          0         68   dretinf.o
       450          8          0          0          0        236   faddsub_clz.o
       388         76          0          0          0         96   fdiv.o
        54          4          0          0          0         84   ffix.o
        86          0          0          0          0        136   fflt_clz.o
       258          4          0          0          0         84   fmul.o
       140          4          0          0          0         84   fnaninf.o
        10          0          0          0          0         68   fretinf.o
       100          0          0          0          0         68   retnan.o
        92          0          0          0          0         68   scalbn.o
        48          0          0          0          0         68   trapv.o
         0          0          0          0          0          0   usenofp.o
        34          6          0          0          0        204   dunder.o
        40          0          0          0          0         68   fpclassify.o
       170          0          0          0          0         96   poly.o
       904         76        200          0          0        140   rred.o
       100         10          0          0          0         96   tan.o
       636         50         96          0          0        168   tan_i.o

    ----------------------------------------------------------------------
      6126        438        296          0         96       3712   Library Totals
        20          0          0          0          0          0   (incl. Padding)

    ----------------------------------------------------------------------

      Code (inc. data)   RO Data    RW Data    ZI Data      Debug   Library Name

       380         20          0          0         96        832   c_w.l
      3842        276          0          0          0       2108   fz_ws.l
      1884        142        296          0          0        772   m_ws.l

    ----------------------------------------------------------------------
      6126        438        296          0         96       3712   Library Totals

    ----------------------------------------------------------------------

==============================================================================


      Code (inc. data)   RO Data    RW Data    ZI Data      Debug   

     18602        992        598         92      17852     533062   Grand Totals
     18602        992        598         92      17852     533062   ELF Image Totals
     18602        992        598         92          0          0   ROM Totals

==============================================================================

    Total RO  Size (Code + RO Data)                19200 (  18.75kB)
    Total RW  Size (RW Data + ZI Data)             17944 (  17.52kB)
    Total ROM Size (Code + RO Data + RW Data)      19292 (  18.84kB)

==============================================================================

